<html>
<body>
<pre>
<h1>µVision3 Build Log</h1>
<h2>Project:</h2>
C:\dev\workspace-keil\mems_afm_control_mcu\project\pcb_driver.uv2
Project File Date:  07/23/2014

<h2>Output:</h2>
Build target 'Target 1'
linking...
Program Size: Code=23260 RO-data=32 RW-data=208 ZI-data=2552  
FromELF: creating hex file...
"mems_mcu.axf" - 0 Error(s), 0 Warning(s).
Build target 'Target 1'
compiling motor.c...
..\system\motor.c(91): error:  #147: declaration is incompatible with "u8 mtr_step(void)" (declared at line 27 of "..\system\motor.h")
..\system\motor.c(119): warning:  #223-D: function "_mtr_step" declared implicitly
..\system\motor.c(164): warning:  #223-D: function "_mtr_step" declared implicitly
..\system\motor.c(197): warning:  #223-D: function "_mtr_step" declared implicitly
..\system\motor.c(212): warning:  #223-D: function "_mtr_step" declared implicitly
..\system\motor.c(257): warning:  #223-D: function "_mtr_step" declared implicitly
..\system\motor.c(91): warning:  #177-D: function "mtr_step" was declared but never referenced
Target not created
Build target 'Target 1'
compiling main.c...
compiling motor.c...
..\system\motor.c(91): error:  #147: declaration is incompatible with "u8 mtr_step(void)" (declared at line 27 of "..\system\motor.h")
..\system\motor.c(119): warning:  #223-D: function "_mtr_step" declared implicitly
..\system\motor.c(164): warning:  #223-D: function "_mtr_step" declared implicitly
..\system\motor.c(197): warning:  #223-D: function "_mtr_step" declared implicitly
..\system\motor.c(212): warning:  #223-D: function "_mtr_step" declared implicitly
..\system\motor.c(257): warning:  #223-D: function "_mtr_step" declared implicitly
..\system\motor.c(91): warning:  #177-D: function "mtr_step" was declared but never referenced
Target not created
Build target 'Target 1'
compiling motor.c...
..\system\motor.c(91): error:  #147: declaration is incompatible with "u8 mtr_step(void)" (declared at line 27 of "..\system\motor.h")
..\system\motor.c(119): warning:  #223-D: function "_mtr_step" declared implicitly
..\system\motor.c(164): warning:  #223-D: function "_mtr_step" declared implicitly
..\system\motor.c(197): warning:  #223-D: function "_mtr_step" declared implicitly
..\system\motor.c(212): warning:  #223-D: function "_mtr_step" declared implicitly
..\system\motor.c(257): warning:  #223-D: function "_mtr_step" declared implicitly
Target not created
Build target 'Target 1'
compiling motor.c...
..\system\motor.c(120): warning:  #223-D: function "_mtr_step" declared implicitly
..\system\motor.c(165): warning:  #223-D: function "_mtr_step" declared implicitly
..\system\motor.c(198): warning:  #223-D: function "_mtr_step" declared implicitly
..\system\motor.c(213): warning:  #223-D: function "_mtr_step" declared implicitly
..\system\motor.c(258): warning:  #223-D: function "_mtr_step" declared implicitly
linking...
mems_mcu.axf: Error: L6218E: Undefined symbol _mtr_step (referred from motor.o).
Target not created
Build target 'Target 1'
compiling motor.c...
linking...
Program Size: Code=23152 RO-data=32 RW-data=208 ZI-data=2552  
FromELF: creating hex file...
"mems_mcu.axf" - 0 Error(s), 0 Warning(s).
Build target 'Target 1'
assembling ADuC7122.s...
compiling irq_arm.c...
compiling main.c...
compiling dds.c...
compiling filter.c...
compiling pid.c...
compiling adc.c...
compiling dac.c...
compiling flash.c...
compiling uart.c...
compiling scan.c...
..\application\scan.c(7): warning:  #177-D: variable "z_act" was declared but never referenced
compiling calibration.c...
compiling pga.c...
compiling motor.c...
linking...
Program Size: Code=23152 RO-data=32 RW-data=208 ZI-data=2552  
FromELF: creating hex file...
"mems_mcu.axf" - 0 Error(s), 1 Warning(s).
