<html>
<body>
<pre>
<h1>µVision3 Build Log</h1>
<h2>Project:</h2>
C:\dev\workspace-keil\mems_afm_control_mcu\project\pcb_driver.uv2
Project File Date:  07/23/2014

<h2>Output:</h2>
Build target 'Target 1'
linking...
Program Size: Code=22940 RO-data=32 RW-data=208 ZI-data=2552  
FromELF: creating hex file...
"mems_mcu.axf" - 0 Error(s), 0 Warning(s).
Load "C:\\dev\\workspace-keil\\mems_afm_control_mcu\\project\\mems_mcu.AXF" 
VTarget = 3.287V
Info: TotalIRLen = 4, IRPrint = 0x01
Info: TotalIRLen = 4, IRPrint = 0x01
Info: RTCK seems to be bridged with TCK
Info: Auto JTAG speed: 8000 kHz
***JLink Warning: PC of target system has unexpected value of 0xFFFFFFF0 after reset.
Info: Resetting target using RESET pin
Info: Resetting TRST
***JLink Error: Bad JTAG communication: Write to IR: Expected 0x1, got 0x0 (TAP Command : 2) @ Off 0x5.
DLL version V4.08b, compiled Jun 30 2009 19:10:31
Firmware: J-Link ARM V8 compiled May 20 2010 17:07:46
Hardware: V8.00
Hardware-Breakpoints: 2
Software-Breakpoints: 2048
Watchpoints:          0
Found 1 JTAG device, Total IRLen = 4:
 Id of device #0: 0x3F0F0F0F
ARM7 identified.
JTAG speed: 5 kHz
Info: TotalIRLen = 4, IRPrint = 0x01
Info: Resetting target using RESET pin
Info: Resetting TRST
***JLink Error: Core did not stop after ADI software reset.
JTAG speed: 1000 kHz
Erase Done.
Programming Done.
Verify OK.
Build target 'Target 1'
compiling main.c...
..\application\../global/config.h(1): error:  #37: the #endif for this directive is missing
compiling dds.c...
..\system\../global/config.h(1): error:  #37: the #endif for this directive is missing
compiling filter.c...
..\system\../global/config.h(1): error:  #37: the #endif for this directive is missing
..\system\filter.c(69): error:  #20: identifier "PID_INPUT" is undefined
compiling pid.c...
..\system\../global/config.h(1): error:  #37: the #endif for this directive is missing
..\system\pid.c(107): error:  #20: identifier "PID_INPUT" is undefined
..\system\pid.c(123): error:  #20: identifier "PID_OUTPUT" is undefined
compiling adc.c...
..\peripheral\../global/config.h(1): error:  #37: the #endif for this directive is missing
compiling dac.c...
..\peripheral\../global/config.h(1): error:  #37: the #endif for this directive is missing
compiling flash.c...
..\peripheral\../global/config.h(1): error:  #37: the #endif for this directive is missing
compiling uart.c...
..\peripheral\../global/config.h(1): error:  #37: the #endif for this directive is missing
compiling scan.c...
..\application\../peripheral/../global/config.h(1): error:  #37: the #endif for this directive is missing
..\application\scan.c(7): warning:  #177-D: variable "z_act" was declared but never referenced
compiling calibration.c...
..\application\../peripheral/../global/config.h(1): error:  #37: the #endif for this directive is missing
compiling pga.c...
..\peripheral\../global/config.h(1): error:  #37: the #endif for this directive is missing
compiling motor.c...
..\system\../global/config.h(1): error:  #37: the #endif for this directive is missing
Target not created
Build target 'Target 1'
compiling main.c...
compiling dds.c...
compiling filter.c...
compiling pid.c...
compiling adc.c...
compiling dac.c...
compiling flash.c...
compiling uart.c...
compiling scan.c...
..\application\scan.c(7): warning:  #177-D: variable "z_act" was declared but never referenced
compiling calibration.c...
compiling pga.c...
compiling motor.c...
linking...
Program Size: Code=22940 RO-data=32 RW-data=208 ZI-data=2552  
FromELF: creating hex file...
"mems_mcu.axf" - 0 Error(s), 1 Warning(s).
Load "C:\\dev\\workspace-keil\\mems_afm_control_mcu\\project\\mems_mcu.AXF" 
VTarget = 3.287V
Info: TotalIRLen = ?, IRPrint = 0x..FFFFFFFFFFFFFFFFFFFFFFFFFFFFFFFF
***JLink Warning: No matching core found. Selecting default core (ARM7).
Info: TotalIRLen = ?, IRPrint = 0x..FFFFFFFFFFFFFFFFFFFFFFFFFFFFFFFF
***JLink Error: Could not find supported CPU core on JTAG chain
Load "C:\\dev\\workspace-keil\\mems_afm_control_mcu\\project\\mems_mcu.AXF" 
VTarget = 3.287V
Info: TotalIRLen = ?, IRPrint = 0x..FFFFFFFFFFFFFFFFFFFFFFFFFFFFFFFF
***JLink Warning: No matching core found. Selecting default core (ARM7).
Info: TotalIRLen = ?, IRPrint = 0x..FFFFFFFFFFFFFFFFFFFFFFFFFFFFFFFF
***JLink Error: Could not find supported CPU core on JTAG chain
Build target 'Target 1'
assembling ADuC7122.s...
compiling irq_arm.c...
compiling main.c...
..\application\../global/config.h(1): error:  #37: the #endif for this directive is missing
compiling dds.c...
..\system\../global/config.h(1): error:  #37: the #endif for this directive is missing
compiling filter.c...
..\system\../global/config.h(1): error:  #37: the #endif for this directive is missing
..\system\filter.c(69): error:  #20: identifier "PID_INPUT" is undefined
compiling pid.c...
..\system\../global/config.h(1): error:  #37: the #endif for this directive is missing
..\system\pid.c(107): error:  #20: identifier "PID_INPUT" is undefined
..\system\pid.c(123): error:  #20: identifier "PID_OUTPUT" is undefined
compiling adc.c...
..\peripheral\../global/config.h(1): error:  #37: the #endif for this directive is missing
compiling dac.c...
..\peripheral\../global/config.h(1): error:  #37: the #endif for this directive is missing
compiling flash.c...
..\peripheral\../global/config.h(1): error:  #37: the #endif for this directive is missing
compiling uart.c...
..\peripheral\../global/config.h(1): error:  #37: the #endif for this directive is missing
compiling scan.c...
..\application\../peripheral/../global/config.h(1): error:  #37: the #endif for this directive is missing
..\application\scan.c(7): warning:  #177-D: variable "z_act" was declared but never referenced
compiling calibration.c...
..\application\../peripheral/../global/config.h(1): error:  #37: the #endif for this directive is missing
compiling pga.c...
..\peripheral\../global/config.h(1): error:  #37: the #endif for this directive is missing
compiling motor.c...
..\system\../global/config.h(1): error:  #37: the #endif for this directive is missing
Target not created
Build target 'Target 1'
assembling ADuC7122.s...
compiling irq_arm.c...
compiling main.c...
compiling dds.c...
compiling filter.c...
compiling pid.c...
compiling adc.c...
compiling dac.c...
compiling flash.c...
compiling uart.c...
compiling scan.c...
..\application\scan.c(7): warning:  #177-D: variable "z_act" was declared but never referenced
compiling calibration.c...
compiling pga.c...
compiling motor.c...
linking...
Program Size: Code=22940 RO-data=32 RW-data=208 ZI-data=2552  
FromELF: creating hex file...
"mems_mcu.axf" - 0 Error(s), 1 Warning(s).
Load "C:\\dev\\workspace-keil\\mems_afm_control_mcu\\project\\mems_mcu.AXF" 
VTarget = 0.000V
***JLink Warning: No matching core found. Selecting default core (ARM7).
***JLink Error: Supply voltage too low (1 Volt is required, Measured: 0.0 Volt).
Please check target power.
***JLink Warning: No matching core found. Selecting default core (ARM7).
***JLink Error: Supply voltage too low (1 Volt is required, Measured: 0.0 Volt).
Please check target power.
DLL version V4.08b, compiled Jun 30 2009 19:10:31
Firmware: J-Link ARM V8 compiled May 20 2010 17:07:46
Hardware: V8.00
***JLink Warning: No matching core found. Selecting default core (ARM7).
***JLink Error: Supply voltage too low (1 Volt is required, Measured: 0.0 Volt).
Please check target power.
JTAG speed: 1000 kHz
Erase Failed!
Build target 'Target 1'
linking...
Program Size: Code=22940 RO-data=32 RW-data=208 ZI-data=2552  
FromELF: creating hex file...
"mems_mcu.axf" - 0 Error(s), 0 Warning(s).
Load "C:\\dev\\workspace-keil\\mems_afm_control_mcu\\project\\mems_mcu.AXF" 
VTarget = 3.287V
Info: TotalIRLen = 4, IRPrint = 0x01
Info: TotalIRLen = 4, IRPrint = 0x01
Info: RTCK seems to be bridged with TCK
Info: Auto JTAG speed: 8000 kHz
Info: Core does not stop after Reset, setting WP to stop it.
***JLink Warning: PC of target system has unexpected value of 0x00082684 after reset.
DLL version V4.08b, compiled Jun 30 2009 19:10:31
Firmware: J-Link ARM V8 compiled May 20 2010 17:07:46
Hardware: V8.00
Hardware-Breakpoints: 2
Software-Breakpoints: 2048
Watchpoints:          0
Found 1 JTAG device, Total IRLen = 4:
 Id of device #0: 0x3F0F0F0F
ARM7 identified.
JTAG speed: 8000 kHz
Info: TotalIRLen = 4, IRPrint = 0x01
Info: Resetting target using RESET pin
Info: Resetting TRST
***JLink Error: Core did not stop after ADI software reset.
JTAG speed: 1000 kHz
Erase Done.
Programming Done.
Verify OK.
Build target 'Target 1'
compiling main.c...
compiling motor.c...
..\system\motor.c(53): error:  #20: identifier "MOTOR_DIR_DD" is undefined
..\system\motor.c(53): error:  #20: identifier "MOTOR_PWR_DD" is undefined
..\system\motor.c(56): error:  #20: identifier "MOTOR_DIR" is undefined
..\system\motor.c(57): error:  #20: identifier "MOTOR_PWR" is undefined
..\system\motor.c(80): error:  #20: identifier "MOTOR_DIR" is undefined
..\system\motor.c(85): error:  #20: identifier "MOTOR_DIR" is undefined
..\system\motor.c(97): error:  #20: identifier "MOTOR_PWR" is undefined
Target not created
Build target 'Target 1'
compiling main.c...
compiling motor.c...
linking...
Program Size: Code=22940 RO-data=32 RW-data=208 ZI-data=2552  
FromELF: creating hex file...
"mems_mcu.axf" - 0 Error(s), 0 Warning(s).
Build target 'Target 1'
compiling motor.c...
..\system\motor.c(58): error:  #20: identifier "MOTOR_DIR_DD" is undefined
..\system\motor.c(58): error:  #20: identifier "MOTOR_PWR_DD" is undefined
..\system\motor.c(61): error:  #20: identifier "MOTOR_DIR" is undefined
..\system\motor.c(62): error:  #20: identifier "MOTOR_PWR" is undefined
..\system\motor.c(85): error:  #20: identifier "MOTOR_DIR" is undefined
..\system\motor.c(90): error:  #20: identifier "MOTOR_DIR" is undefined
..\system\motor.c(102): error:  #20: identifier "MOTOR_PWR" is undefined
Target not created
Build target 'Target 1'
compiling motor.c...
..\system\motor.c(85): error:  #20: identifier "MOTOR_DIR" is undefined
..\system\motor.c(90): error:  #20: identifier "MOTOR_DIR" is undefined
..\system\motor.c(102): error:  #20: identifier "MOTOR_PWR" is undefined
Target not created
Build target 'Target 1'
compiling motor.c...
..\system\motor.c(102): error:  #20: identifier "MOTOR_PWR" is undefined
Target not created
Build target 'Target 1'
compiling motor.c...
..\system\motor.c(109): error:  #20: identifier "MOTOR_PWR" is undefined
Target not created
Build target 'Target 1'
compiling motor.c...
linking...
Program Size: Code=22940 RO-data=32 RW-data=208 ZI-data=2552  
FromELF: creating hex file...
"mems_mcu.axf" - 0 Error(s), 0 Warning(s).
