<html>
<body>
<pre>
<h1>µVision3 Build Log</h1>
<h2>Project:</h2>
C:\Users\molfat\Desktop\mcu_dev\project\pcb_driver.uv2
Project File Date:  03/08/2014

<h2>Output:</h2>
Build target 'Target 1'
compiling irq_arm.c...
assembling ADuC7122.s...
compiling main.c...
compiling uart.c...
compiling dac.c...
compiling adc.c...
compiling flash.c...
compiling dds.c...
..\dds.h(6): warning:  #1-D: last line of file ends without a newline
..\dds.h(1): error:  #37: the #endif for this directive is missing
Target not created
Build target 'Target 1'
compiling irq_arm.c...
assembling ADuC7122.s...
compiling main.c...
compiling uart.c...
compiling dac.c...
compiling adc.c...
compiling flash.c...
compiling dds.c...
..\dds.h(6): warning:  #1-D: last line of file ends without a newline
..\dds.h(1): error:  #37: the #endif for this directive is missing
..\dds.c(16): error:  #36: the #if for this directive is missing
Target not created
Build target 'Target 1'
compiling irq_arm.c...
assembling ADuC7122.s...
compiling main.c...
compiling uart.c...
compiling dac.c...
compiling adc.c...
compiling flash.c...
compiling dds.c...
linking...
Program Size: Code=8672 RO-data=32 RW-data=100 ZI-data=1764  
FromELF: creating hex file...
"pcb_driver.axf" - 0 Error(s), 0 Warning(s).
Build target 'Target 1'
compiling irq_arm.c...
assembling ADuC7122.s...
compiling main.c...
..\main.c(416): error:  #147: declaration is incompatible with "void freq_sweep_dds(void)" (declared at line 31 of "..\main.h")
compiling uart.c...
compiling dac.c...
compiling adc.c...
compiling flash.c...
compiling dds.c...
..\dds.c(26): error:  #109: expression must have (pointer-to-) function type
..\dds.c(57): error:  #20: identifier "REG_F_START_L" is undefined
..\dds.c(58): error:  #20: identifier "REG_F_START_H" is undefined
..\dds.c(34): warning:  #550-D: variable "reg_val" was set but never used
..\dds.c(80): warning:  #1-D: last line of file ends without a newline
Target not created
Build target 'Target 1'
compiling irq_arm.c...
assembling ADuC7122.s...
compiling main.c...
..\main.c(416): error:  #147: declaration is incompatible with "void freq_sweep_dds(void)" (declared at line 31 of "..\main.h")
compiling uart.c...
compiling dac.c...
compiling adc.c...
compiling flash.c...
compiling dds.c...
..\dds.c(12): error:  #130: expected a "{"
..\dds.c(26): error:  #109: expression must have (pointer-to-) function type
..\dds.c(34): warning:  #550-D: variable "reg_val" was set but never used
..\dds.c(76): error:  #247: function "dds_increment" has already been defined
..\dds.c(80): warning:  #1-D: last line of file ends without a newline
Target not created
Build target 'Target 1'
compiling irq_arm.c...
assembling ADuC7122.s...
compiling main.c...
..\main.c(416): error:  #147: declaration is incompatible with "void freq_sweep_dds(void)" (declared at line 31 of "..\main.h")
compiling uart.c...
compiling dac.c...
compiling adc.c...
compiling flash.c...
compiling dds.c...
..\dds.c(12): error:  #130: expected a "{"
..\dds.c(34): warning:  #550-D: variable "reg_val" was set but never used
..\dds.c(76): error:  #247: function "dds_increment" has already been defined
..\dds.c(80): warning:  #1-D: last line of file ends without a newline
Target not created
Build target 'Target 1'
compiling irq_arm.c...
assembling ADuC7122.s...
compiling main.c...
..\main.c(416): error:  #147: declaration is incompatible with "void freq_sweep_dds(void)" (declared at line 31 of "..\main.h")
compiling uart.c...
compiling dac.c...
compiling adc.c...
compiling flash.c...
compiling dds.c...
..\dds.c(34): warning:  #550-D: variable "reg_val" was set but never used
..\dds.c(80): warning:  #1-D: last line of file ends without a newline
Target not created
Build target 'Target 1'
compiling irq_arm.c...
assembling ADuC7122.s...
compiling main.c...
compiling uart.c...
compiling dac.c...
compiling adc.c...
compiling flash.c...
compiling dds.c...
..\dds.c(34): warning:  #550-D: variable "reg_val" was set but never used
..\dds.c(80): warning:  #1-D: last line of file ends without a newline
linking...
Program Size: Code=8688 RO-data=32 RW-data=100 ZI-data=1764  
FromELF: creating hex file...
"pcb_driver.axf" - 0 Error(s), 2 Warning(s).
Build target 'Target 1'
compiling irq_arm.c...
assembling ADuC7122.s...
compiling main.c...
compiling uart.c...
compiling dac.c...
compiling adc.c...
compiling flash.c...
compiling dds.c...
..\dds.c(34): warning:  #550-D: variable "reg_val" was set but never used
linking...
Program Size: Code=8688 RO-data=32 RW-data=100 ZI-data=1764  
FromELF: creating hex file...
"pcb_driver.axf" - 0 Error(s), 1 Warning(s).
Build target 'Target 1'
compiling irq_arm.c...
assembling ADuC7122.s...
compiling main.c...
compiling uart.c...
compiling dac.c...
compiling adc.c...
compiling flash.c...
compiling dds.c...
linking...
Program Size: Code=8688 RO-data=32 RW-data=100 ZI-data=1764  
FromELF: creating hex file...
"pcb_driver.axf" - 0 Error(s), 0 Warning(s).
Load "C:\\Users\\molfat\\Desktop\\mcu_dev\\project\\pcb_driver.AXF" 
Erase Done.
Programming Done.
Verify OK.
Build target 'Target 1'
compiling irq_arm.c...
assembling ADuC7122.s...
compiling main.c...
..\main.c(126): warning:  #223-D: function "dds_powerup" declared implicitly
..\main.c(129): warning:  #111-D: statement is unreachable
compiling uart.c...
compiling dac.c...
compiling adc.c...
compiling flash.c...
compiling dds.c...
linking...
pcb_driver.axf: Error: L6218E: Undefined symbol dds_powerup (referred from main.o).
Target not created
Build target 'Target 1'
compiling irq_arm.c...
assembling ADuC7122.s...
compiling main.c...
..\main.c(129): warning:  #111-D: statement is unreachable
compiling uart.c...
compiling dac.c...
compiling adc.c...
compiling flash.c...
compiling dds.c...
linking...
Program Size: Code=7920 RO-data=32 RW-data=100 ZI-data=1764  
FromELF: creating hex file...
"pcb_driver.axf" - 0 Error(s), 1 Warning(s).
Build target 'Target 1'
compiling irq_arm.c...
assembling ADuC7122.s...
compiling main.c...
..\main.c(129): warning:  #111-D: statement is unreachable
compiling uart.c...
compiling dac.c...
compiling adc.c...
compiling flash.c...
compiling dds.c...
linking...
Program Size: Code=7920 RO-data=32 RW-data=100 ZI-data=1764  
FromELF: creating hex file...
"pcb_driver.axf" - 0 Error(s), 1 Warning(s).
Build target 'Target 1'
compiling irq_arm.c...
assembling ADuC7122.s...
compiling main.c...
..\main.c(129): warning:  #111-D: statement is unreachable
compiling uart.c...
compiling dac.c...
compiling adc.c...
compiling flash.c...
compiling dds.c...
linking...
Program Size: Code=7920 RO-data=32 RW-data=100 ZI-data=1764  
FromELF: creating hex file...
"pcb_driver.axf" - 0 Error(s), 1 Warning(s).
Load "C:\\Users\\molfat\\Desktop\\mcu_dev\\project\\pcb_driver.AXF" 
Build target 'Target 1'
compiling irq_arm.c...
assembling ADuC7122.s...
compiling main.c...
..\main.c(129): warning:  #111-D: statement is unreachable
compiling uart.c...
compiling dac.c...
compiling adc.c...
compiling flash.c...
compiling dds.c...
linking...
Program Size: Code=7920 RO-data=32 RW-data=100 ZI-data=1764  
FromELF: creating hex file...
"pcb_driver.axf" - 0 Error(s), 1 Warning(s).
Load "C:\\Users\\molfat\\Desktop\\mcu_dev\\project\\pcb_driver.AXF" 
Erase Done.
Programming Done.
Verify OK.
Build target 'Target 1'
compiling irq_arm.c...
assembling ADuC7122.s...
compiling main.c...
..\main.c(129): warning:  #111-D: statement is unreachable
compiling uart.c...
compiling dac.c...
compiling adc.c...
compiling flash.c...
compiling dds.c...
linking...
Program Size: Code=7920 RO-data=32 RW-data=100 ZI-data=1764  
FromELF: creating hex file...
"pcb_driver.axf" - 0 Error(s), 1 Warning(s).
Load "C:\\Users\\molfat\\Desktop\\mcu_dev\\project\\pcb_driver.AXF" 
Erase Done.
Programming Done.
Verify OK.
Build target 'Target 1'
compiling irq_arm.c...
assembling ADuC7122.s...
compiling main.c...
..\main.c(129): warning:  #111-D: statement is unreachable
compiling uart.c...
compiling dac.c...
compiling adc.c...
compiling flash.c...
compiling dds.c...
linking...
Program Size: Code=7920 RO-data=32 RW-data=100 ZI-data=1764  
FromELF: creating hex file...
"pcb_driver.axf" - 0 Error(s), 1 Warning(s).
Load "C:\\Users\\molfat\\Desktop\\mcu_dev\\project\\pcb_driver.AXF" 
Erase Done.
Programming Done.
Verify OK.
Build target 'Target 1'
compiling irq_arm.c...
assembling ADuC7122.s...
compiling main.c...
..\main.c(129): warning:  #111-D: statement is unreachable
compiling uart.c...
compiling dac.c...
compiling adc.c...
compiling flash.c...
compiling dds.c...
linking...
Program Size: Code=7920 RO-data=32 RW-data=100 ZI-data=1764  
FromELF: creating hex file...
"pcb_driver.axf" - 0 Error(s), 1 Warning(s).
Load "C:\\Users\\molfat\\Desktop\\mcu_dev\\project\\pcb_driver.AXF" 
Erase Done.
Programming Done.
Verify OK.
Build target 'Target 1'
compiling irq_arm.c...
assembling ADuC7122.s...
compiling main.c...
..\main.c(129): warning:  #111-D: statement is unreachable
compiling uart.c...
compiling dac.c...
compiling adc.c...
compiling flash.c...
compiling dds.c...
linking...
Program Size: Code=7912 RO-data=32 RW-data=100 ZI-data=1764  
FromELF: creating hex file...
"pcb_driver.axf" - 0 Error(s), 1 Warning(s).
Load "C:\\Users\\molfat\\Desktop\\mcu_dev\\project\\pcb_driver.AXF" 
Erase Done.
Programming Done.
Verify OK.
Build target 'Target 1'
compiling irq_arm.c...
assembling ADuC7122.s...
compiling main.c...
..\main.c(129): warning:  #111-D: statement is unreachable
compiling uart.c...
compiling dac.c...
compiling adc.c...
compiling flash.c...
compiling dds.c...
linking...
Program Size: Code=7920 RO-data=32 RW-data=100 ZI-data=1764  
FromELF: creating hex file...
"pcb_driver.axf" - 0 Error(s), 1 Warning(s).
Load "C:\\Users\\molfat\\Desktop\\mcu_dev\\project\\pcb_driver.AXF" 
Erase Done.
Programming Done.
Verify OK.
Build target 'Target 1'
compiling irq_arm.c...
assembling ADuC7122.s...
compiling main.c...
..\main.c(129): warning:  #111-D: statement is unreachable
compiling uart.c...
compiling dac.c...
compiling adc.c...
compiling flash.c...
compiling dds.c...
linking...
Program Size: Code=7920 RO-data=32 RW-data=100 ZI-data=1764  
FromELF: creating hex file...
"pcb_driver.axf" - 0 Error(s), 1 Warning(s).
Load "C:\\Users\\molfat\\Desktop\\mcu_dev\\project\\pcb_driver.AXF" 
Erase Done.
Programming Done.
Verify OK.
Build target 'Target 1'
compiling irq_arm.c...
assembling ADuC7122.s...
compiling main.c...
..\main.c(129): warning:  #111-D: statement is unreachable
compiling uart.c...
compiling dac.c...
compiling adc.c...
compiling flash.c...
compiling dds.c...
linking...
Program Size: Code=7920 RO-data=32 RW-data=100 ZI-data=1764  
FromELF: creating hex file...
"pcb_driver.axf" - 0 Error(s), 1 Warning(s).
Load "C:\\Users\\molfat\\Desktop\\mcu_dev\\project\\pcb_driver.AXF" 
Erase Done.
Programming Done.
Verify OK.
Build target 'Target 1'
compiling irq_arm.c...
assembling ADuC7122.s...
compiling main.c...
..\main.c(129): warning:  #111-D: statement is unreachable
compiling uart.c...
compiling dac.c...
compiling adc.c...
compiling flash.c...
compiling dds.c...
linking...
Program Size: Code=7920 RO-data=32 RW-data=100 ZI-data=1764  
FromELF: creating hex file...
"pcb_driver.axf" - 0 Error(s), 1 Warning(s).
Load "C:\\Users\\molfat\\Desktop\\mcu_dev\\project\\pcb_driver.AXF" 
Erase Done.
Programming Done.
Verify OK.
Build target 'Target 1'
compiling irq_arm.c...
assembling ADuC7122.s...
compiling main.c...
..\main.c(129): warning:  #111-D: statement is unreachable
compiling uart.c...
compiling dac.c...
compiling adc.c...
compiling flash.c...
compiling dds.c...
linking...
Program Size: Code=7920 RO-data=32 RW-data=100 ZI-data=1764  
FromELF: creating hex file...
"pcb_driver.axf" - 0 Error(s), 1 Warning(s).
Load "C:\\Users\\molfat\\Desktop\\mcu_dev\\project\\pcb_driver.AXF" 
Erase Done.
Programming Done.
Verify OK.
Build target 'Target 1'
compiling irq_arm.c...
assembling ADuC7122.s...
compiling main.c...
..\main.c(129): warning:  #111-D: statement is unreachable
compiling uart.c...
compiling dac.c...
compiling adc.c...
compiling flash.c...
compiling dds.c...
..\dds.c(35): warning:  #177-D: variable "reg_val" was declared but never referenced
linking...
Program Size: Code=7904 RO-data=32 RW-data=100 ZI-data=1764  
FromELF: creating hex file...
"pcb_driver.axf" - 0 Error(s), 2 Warning(s).
Load "C:\\Users\\molfat\\Desktop\\mcu_dev\\project\\pcb_driver.AXF" 
Erase Done.
Programming Done.
Verify OK.
Build target 'Target 1'
compiling irq_arm.c...
assembling ADuC7122.s...
compiling main.c...
..\main.c(129): warning:  #111-D: statement is unreachable
compiling uart.c...
compiling dac.c...
compiling adc.c...
compiling flash.c...
compiling dds.c...
..\dds.c(35): warning:  #177-D: variable "reg_val" was declared but never referenced
linking...
Program Size: Code=7908 RO-data=32 RW-data=100 ZI-data=1764  
FromELF: creating hex file...
"pcb_driver.axf" - 0 Error(s), 2 Warning(s).
Load "C:\\Users\\molfat\\Desktop\\mcu_dev\\project\\pcb_driver.AXF" 
Erase Done.
Programming Done.
Verify OK.
Build target 'Target 1'
compiling irq_arm.c...
assembling ADuC7122.s...
compiling main.c...
..\main.c(129): warning:  #111-D: statement is unreachable
compiling uart.c...
compiling dac.c...
compiling adc.c...
compiling flash.c...
compiling dds.c...
..\dds.c(35): warning:  #177-D: variable "reg_val" was declared but never referenced
linking...
Program Size: Code=7912 RO-data=32 RW-data=100 ZI-data=1764  
FromELF: creating hex file...
"pcb_driver.axf" - 0 Error(s), 2 Warning(s).
Load "C:\\Users\\molfat\\Desktop\\mcu_dev\\project\\pcb_driver.AXF" 
Erase Done.
Programming Done.
Verify OK.
Build target 'Target 1'
compiling irq_arm.c...
assembling ADuC7122.s...
compiling main.c...
..\main.c(129): warning:  #111-D: statement is unreachable
compiling uart.c...
compiling dac.c...
compiling adc.c...
compiling flash.c...
compiling dds.c...
..\dds.c(35): warning:  #177-D: variable "reg_val" was declared but never referenced
linking...
Program Size: Code=7912 RO-data=32 RW-data=100 ZI-data=1764  
FromELF: creating hex file...
"pcb_driver.axf" - 0 Error(s), 2 Warning(s).
Load "C:\\Users\\molfat\\Desktop\\mcu_dev\\project\\pcb_driver.AXF" 
Erase Done.
Programming Done.
Verify OK.
Build target 'Target 1'
compiling irq_arm.c...
assembling ADuC7122.s...
compiling main.c...
..\main.c(129): warning:  #111-D: statement is unreachable
compiling uart.c...
compiling dac.c...
compiling adc.c...
compiling flash.c...
compiling dds.c...
..\dds.c(35): warning:  #177-D: variable "reg_val" was declared but never referenced
linking...
Program Size: Code=7912 RO-data=32 RW-data=100 ZI-data=1764  
FromELF: creating hex file...
"pcb_driver.axf" - 0 Error(s), 2 Warning(s).
Load "C:\\Users\\molfat\\Desktop\\mcu_dev\\project\\pcb_driver.AXF" 
Erase Done.
Programming Done.
Verify OK.
Build target 'Target 1'
compiling irq_arm.c...
assembling ADuC7122.s...
compiling main.c...
..\main.c(129): warning:  #111-D: statement is unreachable
compiling uart.c...
compiling dac.c...
compiling adc.c...
compiling flash.c...
compiling dds.c...
..\dds.c(35): warning:  #177-D: variable "reg_val" was declared but never referenced
linking...
Program Size: Code=7912 RO-data=32 RW-data=100 ZI-data=1764  
FromELF: creating hex file...
"pcb_driver.axf" - 0 Error(s), 2 Warning(s).
Load "C:\\Users\\molfat\\Desktop\\mcu_dev\\project\\pcb_driver.AXF" 
Erase Done.
Programming Done.
Verify OK.
Build target 'Target 1'
compiling irq_arm.c...
assembling ADuC7122.s...
compiling main.c...
..\main.c(129): warning:  #111-D: statement is unreachable
compiling uart.c...
compiling dac.c...
compiling adc.c...
compiling flash.c...
compiling dds.c...
..\dds.c(35): warning:  #177-D: variable "reg_val" was declared but never referenced
linking...
Program Size: Code=7912 RO-data=32 RW-data=100 ZI-data=1764  
FromELF: creating hex file...
"pcb_driver.axf" - 0 Error(s), 2 Warning(s).
Load "C:\\Users\\molfat\\Desktop\\mcu_dev\\project\\pcb_driver.AXF" 
Erase Done.
Programming Done.
Verify OK.
Build target 'Target 1'
compiling irq_arm.c...
assembling ADuC7122.s...
compiling main.c...
..\main.c(129): warning:  #111-D: statement is unreachable
compiling uart.c...
compiling dac.c...
compiling adc.c...
compiling flash.c...
compiling dds.c...
..\dds.c(35): warning:  #177-D: variable "reg_val" was declared but never referenced
linking...
Program Size: Code=7912 RO-data=32 RW-data=100 ZI-data=1764  
FromELF: creating hex file...
"pcb_driver.axf" - 0 Error(s), 2 Warning(s).
Load "C:\\Users\\molfat\\Desktop\\mcu_dev\\project\\pcb_driver.AXF" 
Erase Done.
Programming Done.
Verify OK.
Build target 'Target 1'
compiling irq_arm.c...
assembling ADuC7122.s...
compiling main.c...
..\main.c(129): warning:  #111-D: statement is unreachable
compiling uart.c...
compiling dac.c...
compiling adc.c...
compiling flash.c...
compiling dds.c...
..\dds.c(35): warning:  #177-D: variable "reg_val" was declared but never referenced
linking...
Program Size: Code=7912 RO-data=32 RW-data=100 ZI-data=1764  
FromELF: creating hex file...
"pcb_driver.axf" - 0 Error(s), 2 Warning(s).
Load "C:\\Users\\molfat\\Desktop\\mcu_dev\\project\\pcb_driver.AXF" 
Erase Done.
Programming Done.
Verify OK.
Build target 'Target 1'
compiling irq_arm.c...
assembling ADuC7122.s...
compiling main.c...
..\main.c(129): warning:  #111-D: statement is unreachable
compiling uart.c...
compiling dac.c...
compiling adc.c...
compiling flash.c...
compiling dds.c...
..\dds.c(35): warning:  #177-D: variable "reg_val" was declared but never referenced
linking...
Program Size: Code=7912 RO-data=32 RW-data=100 ZI-data=1764  
FromELF: creating hex file...
"pcb_driver.axf" - 0 Error(s), 2 Warning(s).
Load "C:\\Users\\molfat\\Desktop\\mcu_dev\\project\\pcb_driver.AXF" 
Erase Done.
Programming Done.
Verify OK.
Build target 'Target 1'
compiling irq_arm.c...
assembling ADuC7122.s...
compiling main.c...
..\main.c(129): warning:  #111-D: statement is unreachable
compiling uart.c...
compiling dac.c...
compiling adc.c...
compiling flash.c...
compiling dds.c...
..\dds.c(35): warning:  #177-D: variable "reg_val" was declared but never referenced
linking...
Program Size: Code=7912 RO-data=32 RW-data=100 ZI-data=1764  
FromELF: creating hex file...
"pcb_driver.axf" - 0 Error(s), 2 Warning(s).
Load "C:\\Users\\molfat\\Desktop\\mcu_dev\\project\\pcb_driver.AXF" 
Erase Done.
Programming Done.
Verify OK.
Build target 'Target 1'
compiling irq_arm.c...
assembling ADuC7122.s...
compiling main.c...
..\main.c(129): warning:  #111-D: statement is unreachable
compiling uart.c...
compiling dac.c...
compiling adc.c...
compiling flash.c...
compiling dds.c...
..\dds.c(83): error:  #29: expected an expression
..\dds.c(84): error:  #65: expected a ";"
..\dds.c(35): warning:  #177-D: variable "reg_val" was declared but never referenced
Target not created
Build target 'Target 1'
compiling irq_arm.c...
assembling ADuC7122.s...
compiling main.c...
..\main.c(129): warning:  #111-D: statement is unreachable
compiling uart.c...
compiling dac.c...
compiling adc.c...
compiling flash.c...
compiling dds.c...
..\dds.c(83): error:  #29: expected an expression
..\dds.c(84): error:  #65: expected a ";"
..\dds.c(35): warning:  #177-D: variable "reg_val" was declared but never referenced
Target not created
Build target 'Target 1'
compiling irq_arm.c...
assembling ADuC7122.s...
compiling main.c...
..\main.c(129): warning:  #111-D: statement is unreachable
compiling uart.c...
compiling dac.c...
compiling adc.c...
compiling flash.c...
compiling dds.c...
..\dds.c(35): warning:  #177-D: variable "reg_val" was declared but never referenced
linking...
Program Size: Code=8024 RO-data=32 RW-data=100 ZI-data=1764  
FromELF: creating hex file...
"pcb_driver.axf" - 0 Error(s), 2 Warning(s).
Load "C:\\Users\\molfat\\Desktop\\mcu_dev\\project\\pcb_driver.AXF" 
Erase Done.
Programming Done.
Verify OK.
Build target 'Target 1'
compiling irq_arm.c...
assembling ADuC7122.s...
compiling main.c...
..\main.c(129): warning:  #111-D: statement is unreachable
compiling uart.c...
compiling dac.c...
compiling adc.c...
compiling flash.c...
compiling dds.c...
..\dds.c(35): warning:  #177-D: variable "reg_val" was declared but never referenced
linking...
Program Size: Code=8024 RO-data=32 RW-data=100 ZI-data=1764  
FromELF: creating hex file...
"pcb_driver.axf" - 0 Error(s), 2 Warning(s).
Load "C:\\Users\\molfat\\Desktop\\mcu_dev\\project\\pcb_driver.AXF" 
Erase Done.
Programming Done.
Verify OK.
Build target 'Target 1'
compiling irq_arm.c...
assembling ADuC7122.s...
compiling main.c...
..\main.c(132): warning:  #111-D: statement is unreachable
compiling uart.c...
compiling dac.c...
compiling adc.c...
compiling flash.c...
compiling dds.c...
..\dds.c(35): warning:  #177-D: variable "reg_val" was declared but never referenced
linking...
Program Size: Code=8052 RO-data=32 RW-data=100 ZI-data=1764  
FromELF: creating hex file...
"pcb_driver.axf" - 0 Error(s), 2 Warning(s).
Load "C:\\Users\\molfat\\Desktop\\mcu_dev\\project\\pcb_driver.AXF" 
Erase Done.
Programming Done.
Verify OK.
Build target 'Target 1'
compiling irq_arm.c...
assembling ADuC7122.s...
compiling main.c...
..\main.c(132): warning:  #111-D: statement is unreachable
compiling uart.c...
compiling dac.c...
compiling adc.c...
compiling flash.c...
compiling dds.c...
..\dds.c(35): warning:  #177-D: variable "reg_val" was declared but never referenced
linking...
Program Size: Code=8052 RO-data=32 RW-data=100 ZI-data=1764  
FromELF: creating hex file...
"pcb_driver.axf" - 0 Error(s), 2 Warning(s).
Load "C:\\Users\\molfat\\Desktop\\mcu_dev\\project\\pcb_driver.AXF" 
Erase Done.
Programming Done.
Verify OK.
Build target 'Target 1'
compiling irq_arm.c...
assembling ADuC7122.s...
compiling main.c...
..\main.c(132): warning:  #111-D: statement is unreachable
compiling uart.c...
compiling dac.c...
compiling adc.c...
compiling flash.c...
compiling dds.c...
..\dds.c(35): warning:  #177-D: variable "reg_val" was declared but never referenced
linking...
Program Size: Code=8052 RO-data=32 RW-data=100 ZI-data=1764  
FromELF: creating hex file...
"pcb_driver.axf" - 0 Error(s), 2 Warning(s).
Load "C:\\Users\\molfat\\Desktop\\mcu_dev\\project\\pcb_driver.AXF" 
Erase Done.
Programming Done.
Verify OK.
Build target 'Target 1'
compiling irq_arm.c...
assembling ADuC7122.s...
compiling main.c...
..\main.c(132): warning:  #111-D: statement is unreachable
compiling uart.c...
compiling dac.c...
compiling adc.c...
compiling flash.c...
compiling dds.c...
..\dds.c(35): warning:  #177-D: variable "reg_val" was declared but never referenced
linking...
Program Size: Code=8052 RO-data=32 RW-data=100 ZI-data=1764  
FromELF: creating hex file...
"pcb_driver.axf" - 0 Error(s), 2 Warning(s).
Load "C:\\Users\\molfat\\Desktop\\mcu_dev\\project\\pcb_driver.AXF" 
Erase Done.
Programming Done.
Verify OK.
Build target 'Target 1'
compiling irq_arm.c...
assembling ADuC7122.s...
compiling main.c...
..\main.c(132): warning:  #111-D: statement is unreachable
compiling uart.c...
compiling dac.c...
compiling adc.c...
compiling flash.c...
compiling dds.c...
..\dds.c(35): warning:  #177-D: variable "reg_val" was declared but never referenced
linking...
Program Size: Code=8052 RO-data=32 RW-data=100 ZI-data=1764  
FromELF: creating hex file...
"pcb_driver.axf" - 0 Error(s), 2 Warning(s).
Load "C:\\Users\\molfat\\Desktop\\mcu_dev\\project\\pcb_driver.AXF" 
Erase Done.
Programming Done.
Verify OK.
Load "C:\\Users\\molfat\\Desktop\\mcu_dev\\project\\pcb_driver.AXF" 
Erase Done.
Programming Done.
Verify OK.
Build target 'Target 1'
compiling irq_arm.c...
assembling ADuC7122.s...
compiling main.c...
..\main.c(132): warning:  #111-D: statement is unreachable
compiling uart.c...
compiling dac.c...
compiling adc.c...
compiling flash.c...
compiling dds.c...
..\dds.c(35): warning:  #177-D: variable "reg_val" was declared but never referenced
linking...
Program Size: Code=8052 RO-data=32 RW-data=100 ZI-data=1764  
FromELF: creating hex file...
"pcb_driver.axf" - 0 Error(s), 2 Warning(s).
Load "C:\\Users\\molfat\\Desktop\\mcu_dev\\project\\pcb_driver.AXF" 
Erase Done.
Programming Done.
Verify OK.
Build target 'Target 1'
compiling irq_arm.c...
assembling ADuC7122.s...
compiling main.c...
..\main.c(132): warning:  #111-D: statement is unreachable
compiling uart.c...
compiling dac.c...
compiling adc.c...
compiling flash.c...
compiling dds.c...
..\dds.c(35): warning:  #177-D: variable "reg_val" was declared but never referenced
linking...
Program Size: Code=8052 RO-data=32 RW-data=100 ZI-data=1764  
FromELF: creating hex file...
"pcb_driver.axf" - 0 Error(s), 2 Warning(s).
Load "C:\\Users\\molfat\\Desktop\\mcu_dev\\project\\pcb_driver.AXF" 
Erase Done.
Programming Done.
Verify OK.
Build target 'Target 1'
compiling irq_arm.c...
assembling ADuC7122.s...
compiling main.c...
..\main.c(132): warning:  #111-D: statement is unreachable
compiling uart.c...
compiling dac.c...
compiling adc.c...
compiling flash.c...
compiling dds.c...
..\dds.c(35): warning:  #177-D: variable "reg_val" was declared but never referenced
linking...
Program Size: Code=8036 RO-data=32 RW-data=100 ZI-data=1764  
FromELF: creating hex file...
"pcb_driver.axf" - 0 Error(s), 2 Warning(s).
Load "C:\\Users\\molfat\\Desktop\\mcu_dev\\project\\pcb_driver.AXF" 
Erase Done.
Programming Done.
Verify OK.
Build target 'Target 1'
compiling irq_arm.c...
assembling ADuC7122.s...
compiling main.c...
..\main.c(138): warning:  #111-D: statement is unreachable
compiling uart.c...
compiling dac.c...
compiling adc.c...
compiling flash.c...
compiling dds.c...
..\dds.c(35): warning:  #177-D: variable "reg_val" was declared but never referenced
linking...
Program Size: Code=8112 RO-data=32 RW-data=100 ZI-data=1764  
FromELF: creating hex file...
"pcb_driver.axf" - 0 Error(s), 2 Warning(s).
Load "C:\\Users\\molfat\\Desktop\\mcu_dev\\project\\pcb_driver.AXF" 
Erase Done.
Programming Done.
Verify OK.
Build target 'Target 1'
compiling irq_arm.c...
assembling ADuC7122.s...
compiling main.c...
..\main.c(138): warning:  #111-D: statement is unreachable
compiling uart.c...
compiling dac.c...
compiling adc.c...
compiling flash.c...
compiling dds.c...
..\dds.c(35): warning:  #177-D: variable "reg_val" was declared but never referenced
linking...
Program Size: Code=8112 RO-data=32 RW-data=100 ZI-data=1764  
FromELF: creating hex file...
"pcb_driver.axf" - 0 Error(s), 2 Warning(s).
Load "C:\\Users\\molfat\\Desktop\\mcu_dev\\project\\pcb_driver.AXF" 
Erase Done.
Programming Done.
Verify OK.
Build target 'Target 1'
compiling irq_arm.c...
assembling ADuC7122.s...
compiling main.c...
..\main.c(138): warning:  #111-D: statement is unreachable
compiling uart.c...
compiling dac.c...
compiling adc.c...
compiling flash.c...
compiling dds.c...
..\dds.c(35): warning:  #177-D: variable "reg_val" was declared but never referenced
linking...
Program Size: Code=8112 RO-data=32 RW-data=100 ZI-data=1764  
FromELF: creating hex file...
"pcb_driver.axf" - 0 Error(s), 2 Warning(s).
Load "C:\\Users\\molfat\\Desktop\\mcu_dev\\project\\pcb_driver.AXF" 
Erase Done.
Programming Done.
Verify OK.
Build target 'Target 1'
compiling irq_arm.c...
assembling ADuC7122.s...
compiling main.c...
..\main.c(130): warning:  #111-D: statement is unreachable
..\main.c(117): warning:  #177-D: variable "cnt" was declared but never referenced
compiling uart.c...
compiling dac.c...
compiling adc.c...
compiling flash.c...
compiling dds.c...
..\dds.c(35): warning:  #177-D: variable "reg_val" was declared but never referenced
linking...
Program Size: Code=8056 RO-data=32 RW-data=100 ZI-data=1764  
FromELF: creating hex file...
"pcb_driver.axf" - 0 Error(s), 3 Warning(s).
Load "C:\\Users\\molfat\\Desktop\\mcu_dev\\project\\pcb_driver.AXF" 
Erase Done.
Programming Done.
Verify OK.
Build target 'Target 1'
compiling irq_arm.c...
assembling ADuC7122.s...
compiling main.c...
..\main.c(130): warning:  #111-D: statement is unreachable
..\main.c(117): warning:  #177-D: variable "cnt" was declared but never referenced
compiling uart.c...
compiling dac.c...
compiling adc.c...
compiling flash.c...
compiling dds.c...
..\dds.c(35): warning:  #177-D: variable "reg_val" was declared but never referenced
linking...
Program Size: Code=8056 RO-data=32 RW-data=100 ZI-data=1764  
FromELF: creating hex file...
"pcb_driver.axf" - 0 Error(s), 3 Warning(s).
Load "C:\\Users\\molfat\\Desktop\\mcu_dev\\project\\pcb_driver.AXF" 
Erase Done.
Programming Done.
Verify OK.
Build target 'Target 1'
compiling irq_arm.c...
..\irq_arm.c(10): error:  #29: expected an expression
..\irq_arm.c(10): error:  #44: expression must have pointer type
assembling ADuC7122.s...
compiling main.c...
..\main.c(130): warning:  #111-D: statement is unreachable
..\main.c(117): warning:  #177-D: variable "cnt" was declared but never referenced
compiling uart.c...
compiling dac.c...
compiling adc.c...
compiling flash.c...
compiling dds.c...
..\dds.c(35): error:  #65: expected a ";"
..\dds.c(79): warning:  #12-D: parsing restarts here after previous syntax error
..\dds.c(81): error:  #169: expected a declaration
..\dds.c(93): warning: At end of source:  #12-D: parsing restarts here after previous syntax error
Target not created
Build target 'Target 1'
compiling irq_arm.c...
..\irq_arm.c(10): error:  #20: identifier "dds_handler" is undefined
..\irq_arm.c(10): error:  #44: expression must have pointer type
assembling ADuC7122.s...
compiling main.c...
..\main.c(130): warning:  #111-D: statement is unreachable
..\main.c(117): warning:  #177-D: variable "cnt" was declared but never referenced
compiling uart.c...
compiling dac.c...
compiling adc.c...
compiling flash.c...
compiling dds.c...
..\dds.c(35): error:  #65: expected a ";"
..\dds.c(79): warning:  #12-D: parsing restarts here after previous syntax error
..\dds.c(81): error:  #169: expected a declaration
..\dds.c(93): warning: At end of source:  #12-D: parsing restarts here after previous syntax error
Target not created
Build target 'Target 1'
compiling irq_arm.c...
..\irq_arm.c(10): error:  #20: identifier "dds_handler" is undefined
assembling ADuC7122.s...
compiling main.c...
..\main.c(130): warning:  #111-D: statement is unreachable
..\main.c(117): warning:  #177-D: variable "cnt" was declared but never referenced
compiling uart.c...
compiling dac.c...
compiling adc.c...
compiling flash.c...
compiling dds.c...
..\dds.c(35): error:  #65: expected a ";"
..\dds.c(79): warning:  #12-D: parsing restarts here after previous syntax error
..\dds.c(81): error:  #169: expected a declaration
..\dds.c(93): warning: At end of source:  #12-D: parsing restarts here after previous syntax error
Target not created
Build target 'Target 1'
compiling irq_arm.c...
..\irq_arm.c(1): error:  #13: expected a file name
assembling ADuC7122.s...
compiling main.c...
..\main.c(130): warning:  #111-D: statement is unreachable
..\main.c(117): warning:  #177-D: variable "cnt" was declared but never referenced
compiling uart.c...
compiling dac.c...
compiling adc.c...
compiling flash.c...
compiling dds.c...
..\dds.c(35): error:  #65: expected a ";"
..\dds.c(79): warning:  #12-D: parsing restarts here after previous syntax error
..\dds.c(81): error:  #169: expected a declaration
..\dds.c(93): warning: At end of source:  #12-D: parsing restarts here after previous syntax error
Target not created
Build target 'Target 1'
compiling irq_arm.c...
..\irq_arm.c(1): error:  #13: expected a file name
assembling ADuC7122.s...
compiling main.c...
..\main.c(130): warning:  #111-D: statement is unreachable
..\main.c(117): warning:  #177-D: variable "cnt" was declared but never referenced
compiling uart.c...
compiling dac.c...
compiling adc.c...
compiling flash.c...
compiling dds.c...
..\dds.c(35): error:  #65: expected a ";"
..\dds.c(79): warning:  #12-D: parsing restarts here after previous syntax error
..\dds.c(81): error:  #169: expected a declaration
..\dds.c(93): warning: At end of source:  #12-D: parsing restarts here after previous syntax error
Target not created
Build target 'Target 1'
compiling irq_arm.c...
..\irq_arm.c(10): error:  #20: identifier "dds_handler" is undefined
assembling ADuC7122.s...
compiling main.c...
..\main.c(130): warning:  #111-D: statement is unreachable
..\main.c(117): warning:  #177-D: variable "cnt" was declared but never referenced
compiling uart.c...
compiling dac.c...
compiling adc.c...
compiling flash.c...
compiling dds.c...
..\dds.c(35): error:  #65: expected a ";"
..\dds.c(79): warning:  #12-D: parsing restarts here after previous syntax error
..\dds.c(81): error:  #169: expected a declaration
..\dds.c(93): warning: At end of source:  #12-D: parsing restarts here after previous syntax error
Target not created
Build target 'Target 1'
compiling irq_arm.c...
..\irq_arm.c(10): error:  #20: identifier "dds_handler" is undefined
assembling ADuC7122.s...
compiling main.c...
..\main.c(130): warning:  #111-D: statement is unreachable
..\main.c(117): warning:  #177-D: variable "cnt" was declared but never referenced
compiling uart.c...
compiling dac.c...
compiling adc.c...
compiling flash.c...
compiling dds.c...
..\dds.c(35): error:  #65: expected a ";"
..\dds.c(79): warning:  #12-D: parsing restarts here after previous syntax error
..\dds.c(81): error:  #169: expected a declaration
..\dds.c(93): warning: At end of source:  #12-D: parsing restarts here after previous syntax error
Target not created
Build target 'Target 1'
compiling irq_arm.c...
..\irq_arm.c(10): error:  #20: identifier "dds_handler" is undefined
assembling ADuC7122.s...
compiling main.c...
..\main.c(130): warning:  #111-D: statement is unreachable
..\main.c(117): warning:  #177-D: variable "cnt" was declared but never referenced
compiling uart.c...
compiling dac.c...
compiling adc.c...
compiling flash.c...
compiling dds.c...
..\dds.c(58): warning:  #177-D: variable "reg_val" was declared but never referenced
Target not created
Build target 'Target 1'
compiling irq_arm.c...
..\irq_arm.c(10): error:  #20: identifier "dds_handler" is undefined
..\irq_arm.c(10): error:  #44: expression must have pointer type
assembling ADuC7122.s...
compiling main.c...
..\main.c(130): warning:  #111-D: statement is unreachable
..\main.c(117): warning:  #177-D: variable "cnt" was declared but never referenced
compiling uart.c...
compiling dac.c...
compiling adc.c...
compiling flash.c...
compiling dds.c...
..\dds.c(58): warning:  #177-D: variable "reg_val" was declared but never referenced
Target not created
Build target 'Target 1'
compiling irq_arm.c...
..\irq_arm.c(10): error:  #20: identifier "dds_handler" is undefined
..\irq_arm.c(10): error:  #44: expression must have pointer type
assembling ADuC7122.s...
compiling main.c...
..\main.c(130): warning:  #111-D: statement is unreachable
..\main.c(117): warning:  #177-D: variable "cnt" was declared but never referenced
compiling uart.c...
compiling dac.c...
compiling adc.c...
compiling flash.c...
compiling dds.c...
..\dds.c(58): warning:  #177-D: variable "reg_val" was declared but never referenced
Target not created
Build target 'Target 1'
compiling irq_arm.c...
assembling ADuC7122.s...
compiling main.c...
..\main.c(130): warning:  #111-D: statement is unreachable
..\main.c(117): warning:  #177-D: variable "cnt" was declared but never referenced
compiling uart.c...
compiling dac.c...
compiling adc.c...
compiling flash.c...
compiling dds.c...
..\dds.c(58): warning:  #177-D: variable "reg_val" was declared but never referenced
linking...
Program Size: Code=7948 RO-data=32 RW-data=104 ZI-data=1760  
FromELF: creating hex file...
"pcb_driver.axf" - 0 Error(s), 3 Warning(s).
Build target 'Target 1'
compiling irq_arm.c...
assembling ADuC7122.s...
compiling main.c...
..\main.c(131): warning:  #111-D: statement is unreachable
..\main.c(118): warning:  #177-D: variable "cnt" was declared but never referenced
compiling uart.c...
compiling dac.c...
compiling adc.c...
compiling flash.c...
compiling dds.c...
..\dds.c(58): warning:  #177-D: variable "reg_val" was declared but never referenced
linking...
Program Size: Code=7948 RO-data=32 RW-data=104 ZI-data=1760  
FromELF: creating hex file...
"pcb_driver.axf" - 0 Error(s), 3 Warning(s).
Build target 'Target 1'
compiling irq_arm.c...
assembling ADuC7122.s...
compiling main.c...
..\main.c(131): warning:  #111-D: statement is unreachable
..\main.c(118): warning:  #177-D: variable "cnt" was declared but never referenced
compiling uart.c...
compiling dac.c...
compiling adc.c...
compiling flash.c...
compiling dds.c...
..\dds.c(58): warning:  #177-D: variable "reg_val" was declared but never referenced
linking...
Program Size: Code=7996 RO-data=32 RW-data=104 ZI-data=1760  
FromELF: creating hex file...
"pcb_driver.axf" - 0 Error(s), 3 Warning(s).
Build target 'Target 1'
compiling irq_arm.c...
assembling ADuC7122.s...
compiling main.c...
..\main.c(131): warning:  #111-D: statement is unreachable
compiling uart.c...
compiling dac.c...
compiling adc.c...
compiling flash.c...
compiling dds.c...
..\dds.c(61): warning:  #177-D: variable "reg_val" was declared but never referenced
..\dds.c(89): error:  #20: identifier "SPIMSTATUS" is undefined
..\dds.c(92): error:  #20: identifier "ucTxCount" is undefined
Target not created
Build target 'Target 1'
compiling irq_arm.c...
assembling ADuC7122.s...
compiling main.c...
..\main.c(131): warning:  #111-D: statement is unreachable
compiling uart.c...
compiling dac.c...
compiling adc.c...
compiling flash.c...
compiling dds.c...
..\dds.c(61): warning:  #177-D: variable "reg_val" was declared but never referenced
..\dds.c(92): error:  #20: identifier "ucTxCount" is undefined
Target not created
Build target 'Target 1'
compiling irq_arm.c...
assembling ADuC7122.s...
compiling main.c...
..\main.c(131): warning:  #111-D: statement is unreachable
compiling uart.c...
compiling dac.c...
compiling adc.c...
compiling flash.c...
compiling dds.c...
..\dds.c(61): warning:  #177-D: variable "reg_val" was declared but never referenced
linking...
Program Size: Code=8124 RO-data=32 RW-data=120 ZI-data=1760  
FromELF: creating hex file...
"pcb_driver.axf" - 0 Error(s), 2 Warning(s).
Build target 'Target 1'
compiling irq_arm.c...
assembling ADuC7122.s...
compiling main.c...
..\main.c(131): warning:  #111-D: statement is unreachable
compiling uart.c...
compiling dac.c...
compiling adc.c...
compiling flash.c...
compiling dds.c...
linking...
Program Size: Code=8124 RO-data=32 RW-data=120 ZI-data=1760  
FromELF: creating hex file...
"pcb_driver.axf" - 0 Error(s), 1 Warning(s).
Build target 'Target 1'
compiling irq_arm.c...
assembling ADuC7122.s...
compiling main.c...
..\main.c(131): warning:  #111-D: statement is unreachable
compiling uart.c...
compiling dac.c...
compiling adc.c...
compiling flash.c...
compiling dds.c...
linking...
Program Size: Code=8124 RO-data=32 RW-data=120 ZI-data=1760  
FromELF: creating hex file...
"pcb_driver.axf" - 0 Error(s), 1 Warning(s).
Load "C:\\Users\\molfat\\Desktop\\mcu_dev\\project\\pcb_driver.AXF" 
Erase Done.
Programming Done.
Verify OK.
Build target 'Target 1'
compiling irq_arm.c...
assembling ADuC7122.s...
compiling main.c...
..\main.c(131): warning:  #111-D: statement is unreachable
compiling uart.c...
compiling dac.c...
compiling adc.c...
compiling flash.c...
compiling dds.c...
..\dds.c(91): error:  #20: identifier "wirteCnt" is undefined
Target not created
Build target 'Target 1'
compiling irq_arm.c...
assembling ADuC7122.s...
compiling main.c...
..\main.c(131): warning:  #111-D: statement is unreachable
compiling uart.c...
compiling dac.c...
compiling adc.c...
compiling flash.c...
compiling dds.c...
linking...
Program Size: Code=8144 RO-data=32 RW-data=120 ZI-data=1760  
FromELF: creating hex file...
"pcb_driver.axf" - 0 Error(s), 1 Warning(s).
Load "C:\\Users\\molfat\\Desktop\\mcu_dev\\project\\pcb_driver.AXF" 
Erase Done.
Programming Done.
Verify OK.
Build target 'Target 1'
compiling irq_arm.c...
assembling ADuC7122.s...
compiling main.c...
..\main.c(131): warning:  #111-D: statement is unreachable
compiling uart.c...
compiling dac.c...
compiling adc.c...
compiling flash.c...
compiling dds.c...
linking...
Program Size: Code=8184 RO-data=32 RW-data=120 ZI-data=1760  
FromELF: creating hex file...
"pcb_driver.axf" - 0 Error(s), 1 Warning(s).
Load "C:\\Users\\molfat\\Desktop\\mcu_dev\\project\\pcb_driver.AXF" 
Erase Done.
Programming Done.
Verify OK.
Build target 'Target 1'
compiling irq_arm.c...
assembling ADuC7122.s...
compiling main.c...
..\main.c(131): warning:  #111-D: statement is unreachable
compiling uart.c...
compiling dac.c...
compiling adc.c...
compiling flash.c...
compiling dds.c...
linking...
Program Size: Code=8184 RO-data=32 RW-data=120 ZI-data=1760  
FromELF: creating hex file...
"pcb_driver.axf" - 0 Error(s), 1 Warning(s).
Load "C:\\Users\\molfat\\Desktop\\mcu_dev\\project\\pcb_driver.AXF" 
Erase Done.
Programming Done.
Verify OK.
Build target 'Target 1'
compiling irq_arm.c...
assembling ADuC7122.s...
compiling main.c...
..\main.c(131): warning:  #111-D: statement is unreachable
compiling uart.c...
compiling dac.c...
compiling adc.c...
compiling flash.c...
compiling dds.c...
linking...
Program Size: Code=8220 RO-data=32 RW-data=120 ZI-data=1760  
FromELF: creating hex file...
"pcb_driver.axf" - 0 Error(s), 1 Warning(s).
Load "C:\\Users\\molfat\\Desktop\\mcu_dev\\project\\pcb_driver.AXF" 
Erase Done.
Programming Done.
Verify OK.
Build target 'Target 1'
compiling irq_arm.c...
assembling ADuC7122.s...
compiling main.c...
..\main.c(131): warning:  #111-D: statement is unreachable
compiling uart.c...
compiling dac.c...
compiling adc.c...
compiling flash.c...
compiling dds.c...
linking...
Program Size: Code=8224 RO-data=32 RW-data=120 ZI-data=1760  
FromELF: creating hex file...
"pcb_driver.axf" - 0 Error(s), 1 Warning(s).
Build target 'Target 1'
compiling irq_arm.c...
assembling ADuC7122.s...
compiling main.c...
..\main.c(131): warning:  #111-D: statement is unreachable
compiling uart.c...
compiling dac.c...
compiling adc.c...
compiling flash.c...
compiling dds.c...
linking...
Program Size: Code=8208 RO-data=32 RW-data=120 ZI-data=1760  
FromELF: creating hex file...
"pcb_driver.axf" - 0 Error(s), 1 Warning(s).
Load "C:\\Users\\molfat\\Desktop\\mcu_dev\\project\\pcb_driver.AXF" 
Erase Done.
Programming Done.
Verify OK.
Build target 'Target 1'
compiling irq_arm.c...
assembling ADuC7122.s...
compiling main.c...
..\main.c(131): warning:  #111-D: statement is unreachable
compiling uart.c...
compiling dac.c...
compiling adc.c...
compiling flash.c...
compiling dds.c...
linking...
Program Size: Code=8224 RO-data=32 RW-data=120 ZI-data=1760  
FromELF: creating hex file...
"pcb_driver.axf" - 0 Error(s), 1 Warning(s).
Load "C:\\Users\\molfat\\Desktop\\mcu_dev\\project\\pcb_driver.AXF" 
Erase Done.
Programming Done.
Verify OK.
Build target 'Target 1'
compiling irq_arm.c...
assembling ADuC7122.s...
compiling main.c...
..\main.c(131): warning:  #111-D: statement is unreachable
compiling uart.c...
compiling dac.c...
compiling adc.c...
compiling flash.c...
compiling dds.c...
linking...
Program Size: Code=8224 RO-data=32 RW-data=120 ZI-data=1760  
FromELF: creating hex file...
"pcb_driver.axf" - 0 Error(s), 1 Warning(s).
Load "C:\\Users\\molfat\\Desktop\\mcu_dev\\project\\pcb_driver.AXF" 
Erase Done.
Programming Done.
Verify OK.
Build target 'Target 1'
compiling irq_arm.c...
assembling ADuC7122.s...
compiling main.c...
..\main.c(131): warning:  #111-D: statement is unreachable
compiling uart.c...
compiling dac.c...
compiling adc.c...
compiling flash.c...
compiling dds.c...
linking...
Program Size: Code=8224 RO-data=32 RW-data=120 ZI-data=1760  
FromELF: creating hex file...
"pcb_driver.axf" - 0 Error(s), 1 Warning(s).
Build target 'Target 1'
compiling irq_arm.c...
assembling ADuC7122.s...
compiling main.c...
..\main.c(131): warning:  #111-D: statement is unreachable
compiling uart.c...
compiling dac.c...
compiling adc.c...
compiling flash.c...
compiling dds.c...
linking...
Program Size: Code=8224 RO-data=32 RW-data=120 ZI-data=1760  
FromELF: creating hex file...
"pcb_driver.axf" - 0 Error(s), 1 Warning(s).
Load "C:\\Users\\molfat\\Desktop\\mcu_dev\\project\\pcb_driver.AXF" 
Erase Done.
Programming Done.
Verify OK.
Build target 'Target 1'
compiling irq_arm.c...
assembling ADuC7122.s...
compiling main.c...
..\main.c(131): warning:  #111-D: statement is unreachable
compiling uart.c...
compiling dac.c...
compiling adc.c...
compiling flash.c...
compiling dds.c...
linking...
Program Size: Code=8144 RO-data=32 RW-data=120 ZI-data=1760  
FromELF: creating hex file...
"pcb_driver.axf" - 0 Error(s), 1 Warning(s).
Load "C:\\Users\\molfat\\Desktop\\mcu_dev\\project\\pcb_driver.AXF" 
Erase Done.
Programming Done.
Verify OK.
Build target 'Target 1'
compiling irq_arm.c...
assembling ADuC7122.s...
compiling main.c...
..\main.c(131): warning:  #111-D: statement is unreachable
compiling uart.c...
compiling dac.c...
compiling adc.c...
compiling flash.c...
compiling dds.c...
linking...
Program Size: Code=8144 RO-data=32 RW-data=120 ZI-data=1760  
FromELF: creating hex file...
"pcb_driver.axf" - 0 Error(s), 1 Warning(s).
Build target 'Target 1'
compiling irq_arm.c...
assembling ADuC7122.s...
compiling main.c...
..\main.c(131): warning:  #111-D: statement is unreachable
compiling uart.c...
compiling dac.c...
compiling adc.c...
compiling flash.c...
compiling dds.c...
linking...
Program Size: Code=8184 RO-data=32 RW-data=120 ZI-data=1760  
FromELF: creating hex file...
"pcb_driver.axf" - 0 Error(s), 1 Warning(s).
Load "C:\\Users\\molfat\\Desktop\\mcu_dev\\project\\pcb_driver.AXF" 
Erase Done.
Programming Done.
Verify OK.
Build target 'Target 1'
compiling irq_arm.c...
assembling ADuC7122.s...
compiling main.c...
..\main.c(131): warning:  #111-D: statement is unreachable
compiling uart.c...
compiling dac.c...
compiling adc.c...
compiling flash.c...
compiling dds.c...
linking...
Program Size: Code=8184 RO-data=32 RW-data=120 ZI-data=1760  
FromELF: creating hex file...
"pcb_driver.axf" - 0 Error(s), 1 Warning(s).
Load "C:\\Users\\molfat\\Desktop\\mcu_dev\\project\\pcb_driver.AXF" 
Erase Done.
Programming Done.
Verify OK.
Build target 'Target 1'
compiling irq_arm.c...
assembling ADuC7122.s...
compiling main.c...
..\main.c(131): warning:  #111-D: statement is unreachable
compiling uart.c...
compiling dac.c...
compiling adc.c...
compiling flash.c...
compiling dds.c...
linking...
Program Size: Code=8224 RO-data=32 RW-data=120 ZI-data=1760  
FromELF: creating hex file...
"pcb_driver.axf" - 0 Error(s), 1 Warning(s).
Load "C:\\Users\\molfat\\Desktop\\mcu_dev\\project\\pcb_driver.AXF" 
Erase Done.
Programming Done.
Verify OK.
Build target 'Target 1'
compiling irq_arm.c...
assembling ADuC7122.s...
compiling main.c...
..\main.c(131): warning:  #111-D: statement is unreachable
compiling uart.c...
compiling dac.c...
compiling adc.c...
compiling flash.c...
compiling dds.c...
linking...
Program Size: Code=8224 RO-data=32 RW-data=120 ZI-data=1760  
FromELF: creating hex file...
"pcb_driver.axf" - 0 Error(s), 1 Warning(s).
Load "C:\\Users\\molfat\\Desktop\\mcu_dev\\project\\pcb_driver.AXF" 
Erase Done.
Programming Done.
Verify OK.
Build target 'Target 1'
compiling irq_arm.c...
assembling ADuC7122.s...
compiling main.c...
..\main.c(131): warning:  #111-D: statement is unreachable
compiling uart.c...
compiling dac.c...
compiling adc.c...
compiling flash.c...
compiling dds.c...
linking...
Program Size: Code=8224 RO-data=32 RW-data=120 ZI-data=1760  
FromELF: creating hex file...
"pcb_driver.axf" - 0 Error(s), 1 Warning(s).
Load "C:\\Users\\molfat\\Desktop\\mcu_dev\\project\\pcb_driver.AXF" 
Erase Done.
Programming Done.
Verify OK.
Build target 'Target 1'
compiling irq_arm.c...
assembling ADuC7122.s...
compiling main.c...
..\main.c(131): warning:  #111-D: statement is unreachable
compiling uart.c...
compiling dac.c...
compiling adc.c...
compiling flash.c...
compiling dds.c...
linking...
Program Size: Code=8224 RO-data=32 RW-data=120 ZI-data=1760  
FromELF: creating hex file...
"pcb_driver.axf" - 0 Error(s), 1 Warning(s).
Load "C:\\Users\\molfat\\Desktop\\mcu_dev\\project\\pcb_driver.AXF" 
Erase Done.
Programming Done.
Verify OK.
Build target 'Target 1'
compiling irq_arm.c...
assembling ADuC7122.s...
compiling main.c...
..\main.c(131): warning:  #111-D: statement is unreachable
compiling uart.c...
compiling dac.c...
compiling adc.c...
compiling flash.c...
compiling dds.c...
linking...
Program Size: Code=8224 RO-data=32 RW-data=120 ZI-data=1760  
FromELF: creating hex file...
"pcb_driver.axf" - 0 Error(s), 1 Warning(s).
Load "C:\\Users\\molfat\\Desktop\\mcu_dev\\project\\pcb_driver.AXF" 
Erase Done.
Programming Done.
Verify OK.
Build target 'Target 1'
compiling irq_arm.c...
assembling ADuC7122.s...
compiling main.c...
..\main.c(131): warning:  #111-D: statement is unreachable
compiling uart.c...
compiling dac.c...
compiling adc.c...
compiling flash.c...
compiling dds.c...
linking...
Program Size: Code=8224 RO-data=32 RW-data=120 ZI-data=1760  
FromELF: creating hex file...
"pcb_driver.axf" - 0 Error(s), 1 Warning(s).
Build target 'Target 1'
compiling irq_arm.c...
assembling ADuC7122.s...
compiling main.c...
..\main.c(132): warning:  #111-D: statement is unreachable
compiling uart.c...
compiling dac.c...
compiling adc.c...
compiling flash.c...
compiling dds.c...
linking...
Program Size: Code=8228 RO-data=32 RW-data=120 ZI-data=1760  
FromELF: creating hex file...
"pcb_driver.axf" - 0 Error(s), 1 Warning(s).
Load "C:\\Users\\molfat\\Desktop\\mcu_dev\\project\\pcb_driver.AXF" 
Erase Done.
Programming Done.
Verify OK.
Build target 'Target 1'
compiling irq_arm.c...
assembling ADuC7122.s...
compiling main.c...
..\main.c(132): warning:  #111-D: statement is unreachable
compiling uart.c...
compiling dac.c...
compiling adc.c...
compiling flash.c...
compiling dds.c...
linking...
Program Size: Code=8228 RO-data=32 RW-data=120 ZI-data=1760  
FromELF: creating hex file...
"pcb_driver.axf" - 0 Error(s), 1 Warning(s).
Load "C:\\Users\\molfat\\Desktop\\mcu_dev\\project\\pcb_driver.AXF" 
Erase Done.
Programming Done.
Verify OK.
Build target 'Target 1'
compiling irq_arm.c...
assembling ADuC7122.s...
compiling main.c...
..\main.c(132): warning:  #111-D: statement is unreachable
compiling uart.c...
compiling dac.c...
compiling adc.c...
compiling flash.c...
compiling dds.c...
linking...
Program Size: Code=8228 RO-data=32 RW-data=120 ZI-data=1760  
FromELF: creating hex file...
"pcb_driver.axf" - 0 Error(s), 1 Warning(s).
Load "C:\\Users\\molfat\\Desktop\\mcu_dev\\project\\pcb_driver.AXF" 
Erase Done.
Programming Done.
Verify OK.
Build target 'Target 1'
compiling irq_arm.c...
assembling ADuC7122.s...
compiling main.c...
..\main.c(132): warning:  #111-D: statement is unreachable
compiling uart.c...
compiling dac.c...
compiling adc.c...
compiling flash.c...
compiling dds.c...
linking...
Program Size: Code=8224 RO-data=32 RW-data=120 ZI-data=1760  
FromELF: creating hex file...
"pcb_driver.axf" - 0 Error(s), 1 Warning(s).
Load "C:\\Users\\molfat\\Desktop\\mcu_dev\\project\\pcb_driver.AXF" 
Erase Done.
Programming Done.
Verify OK.
Build target 'Target 1'
compiling irq_arm.c...
assembling ADuC7122.s...
compiling main.c...
..\main.c(131): warning:  #111-D: statement is unreachable
compiling uart.c...
compiling dac.c...
compiling adc.c...
compiling flash.c...
compiling dds.c...
linking...
Program Size: Code=8220 RO-data=32 RW-data=120 ZI-data=1760  
FromELF: creating hex file...
"pcb_driver.axf" - 0 Error(s), 1 Warning(s).
Load "C:\\Users\\molfat\\Desktop\\mcu_dev\\project\\pcb_driver.AXF" 
Erase Done.
Programming Done.
Verify OK.
Build target 'Target 1'
compiling irq_arm.c...
assembling ADuC7122.s...
compiling main.c...
..\main.c(131): warning:  #111-D: statement is unreachable
compiling uart.c...
compiling dac.c...
compiling adc.c...
compiling flash.c...
compiling dds.c...
linking...
Program Size: Code=8224 RO-data=32 RW-data=120 ZI-data=1760  
FromELF: creating hex file...
"pcb_driver.axf" - 0 Error(s), 1 Warning(s).
Load "C:\\Users\\molfat\\Desktop\\mcu_dev\\project\\pcb_driver.AXF" 
Erase Done.
Programming Done.
Verify OK.
Build target 'Target 1'
compiling irq_arm.c...
assembling ADuC7122.s...
compiling main.c...
..\main.c(131): warning:  #111-D: statement is unreachable
compiling uart.c...
compiling dac.c...
compiling adc.c...
compiling flash.c...
compiling dds.c...
linking...
Program Size: Code=8224 RO-data=32 RW-data=120 ZI-data=1760  
FromELF: creating hex file...
"pcb_driver.axf" - 0 Error(s), 1 Warning(s).
Load "C:\\Users\\molfat\\Desktop\\mcu_dev\\project\\pcb_driver.AXF" 
Erase Done.
Programming Done.
Verify OK.
Build target 'Target 1'
compiling irq_arm.c...
assembling ADuC7122.s...
compiling main.c...
..\main.c(131): warning:  #111-D: statement is unreachable
compiling uart.c...
compiling dac.c...
compiling adc.c...
compiling flash.c...
compiling dds.c...
linking...
Program Size: Code=8224 RO-data=32 RW-data=120 ZI-data=1760  
FromELF: creating hex file...
"pcb_driver.axf" - 0 Error(s), 1 Warning(s).
Load "C:\\Users\\molfat\\Desktop\\mcu_dev\\project\\pcb_driver.AXF" 
Erase Done.
Programming Done.
Verify OK.
Build target 'Target 1'
compiling irq_arm.c...
assembling ADuC7122.s...
compiling main.c...
..\main.c(131): warning:  #111-D: statement is unreachable
compiling uart.c...
compiling dac.c...
compiling adc.c...
compiling flash.c...
compiling dds.c...
linking...
Program Size: Code=8224 RO-data=32 RW-data=120 ZI-data=1760  
FromELF: creating hex file...
"pcb_driver.axf" - 0 Error(s), 1 Warning(s).
Load "C:\\Users\\molfat\\Desktop\\mcu_dev\\project\\pcb_driver.AXF" 
Erase Done.
Programming Done.
Verify OK.
Build target 'Target 1'
compiling irq_arm.c...
assembling ADuC7122.s...
compiling main.c...
..\main.c(131): warning:  #111-D: statement is unreachable
compiling uart.c...
compiling dac.c...
compiling adc.c...
compiling flash.c...
compiling dds.c...
linking...
Program Size: Code=8224 RO-data=32 RW-data=120 ZI-data=1760  
FromELF: creating hex file...
"pcb_driver.axf" - 0 Error(s), 1 Warning(s).
Load "C:\\Users\\molfat\\Desktop\\mcu_dev\\project\\pcb_driver.AXF" 
Erase Done.
Programming Done.
Verify OK.
Build target 'Target 1'
compiling irq_arm.c...
assembling ADuC7122.s...
compiling main.c...
..\main.c(131): warning:  #111-D: statement is unreachable
compiling uart.c...
compiling dac.c...
compiling adc.c...
compiling flash.c...
compiling dds.c...
linking...
Program Size: Code=8224 RO-data=32 RW-data=120 ZI-data=1760  
FromELF: creating hex file...
"pcb_driver.axf" - 0 Error(s), 1 Warning(s).
Build target 'Target 1'
compiling irq_arm.c...
assembling ADuC7122.s...
compiling main.c...
..\main.c(131): warning:  #111-D: statement is unreachable
compiling uart.c...
compiling dac.c...
compiling adc.c...
compiling flash.c...
compiling dds.c...
linking...
Program Size: Code=8224 RO-data=32 RW-data=120 ZI-data=1760  
FromELF: creating hex file...
"pcb_driver.axf" - 0 Error(s), 1 Warning(s).
Load "C:\\Users\\molfat\\Desktop\\mcu_dev\\project\\pcb_driver.AXF" 
Erase Done.
Programming Done.
Verify OK.
Build target 'Target 1'
compiling irq_arm.c...
assembling ADuC7122.s...
compiling main.c...
..\main.c(131): warning:  #111-D: statement is unreachable
compiling uart.c...
compiling dac.c...
compiling adc.c...
compiling flash.c...
compiling dds.c...
linking...
Program Size: Code=8224 RO-data=32 RW-data=120 ZI-data=1760  
FromELF: creating hex file...
"pcb_driver.axf" - 0 Error(s), 1 Warning(s).
Load "C:\\Users\\molfat\\Desktop\\mcu_dev\\project\\pcb_driver.AXF" 
Erase Done.
Programming Done.
Verify OK.
Build target 'Target 1'
compiling irq_arm.c...
assembling ADuC7122.s...
compiling main.c...
..\main.c(131): warning:  #111-D: statement is unreachable
compiling uart.c...
compiling dac.c...
compiling adc.c...
compiling flash.c...
compiling dds.c...
linking...
Program Size: Code=8224 RO-data=32 RW-data=120 ZI-data=1760  
FromELF: creating hex file...
"pcb_driver.axf" - 0 Error(s), 1 Warning(s).
Load "C:\\Users\\molfat\\Desktop\\mcu_dev\\project\\pcb_driver.AXF" 
Erase Done.
Programming Done.
Verify OK.
Build target 'Target 1'
compiling irq_arm.c...
assembling ADuC7122.s...
compiling main.c...
..\main.c(132): warning:  #111-D: statement is unreachable
compiling uart.c...
compiling dac.c...
compiling adc.c...
compiling flash.c...
compiling dds.c...
linking...
Program Size: Code=8228 RO-data=32 RW-data=120 ZI-data=1760  
FromELF: creating hex file...
"pcb_driver.axf" - 0 Error(s), 1 Warning(s).
Load "C:\\Users\\molfat\\Desktop\\mcu_dev\\project\\pcb_driver.AXF" 
Erase Done.
Programming Done.
Verify OK.
Build target 'Target 1'
compiling irq_arm.c...
assembling ADuC7122.s...
compiling main.c...
..\main.c(132): warning:  #111-D: statement is unreachable
compiling uart.c...
compiling dac.c...
compiling adc.c...
compiling flash.c...
compiling dds.c...
linking...
Program Size: Code=8224 RO-data=32 RW-data=120 ZI-data=1760  
FromELF: creating hex file...
"pcb_driver.axf" - 0 Error(s), 1 Warning(s).
Load "C:\\Users\\molfat\\Desktop\\mcu_dev\\project\\pcb_driver.AXF" 
Erase Done.
Programming Done.
Verify OK.
Build target 'Target 1'
compiling irq_arm.c...
assembling ADuC7122.s...
compiling main.c...
..\main.c(132): warning:  #111-D: statement is unreachable
compiling uart.c...
compiling dac.c...
compiling adc.c...
compiling flash.c...
compiling dds.c...
linking...
Program Size: Code=8224 RO-data=32 RW-data=120 ZI-data=1760  
FromELF: creating hex file...
"pcb_driver.axf" - 0 Error(s), 1 Warning(s).
Load "C:\\Users\\molfat\\Desktop\\mcu_dev\\project\\pcb_driver.AXF" 
Erase Done.
Programming Done.
Verify OK.
Build target 'Target 1'
compiling irq_arm.c...
assembling ADuC7122.s...
compiling main.c...
..\main.c(132): warning:  #111-D: statement is unreachable
compiling uart.c...
compiling dac.c...
compiling adc.c...
compiling flash.c...
compiling dds.c...
linking...
Program Size: Code=8224 RO-data=32 RW-data=120 ZI-data=1760  
FromELF: creating hex file...
"pcb_driver.axf" - 0 Error(s), 1 Warning(s).
Load "C:\\Users\\molfat\\Desktop\\mcu_dev\\project\\pcb_driver.AXF" 
Erase Done.
Programming Done.
Verify OK.
Build target 'Target 1'
compiling irq_arm.c...
assembling ADuC7122.s...
compiling main.c...
..\main.c(132): warning:  #111-D: statement is unreachable
compiling uart.c...
compiling dac.c...
compiling adc.c...
compiling flash.c...
compiling dds.c...
linking...
Program Size: Code=8224 RO-data=32 RW-data=120 ZI-data=1760  
FromELF: creating hex file...
"pcb_driver.axf" - 0 Error(s), 1 Warning(s).
Load "C:\\Users\\molfat\\Desktop\\mcu_dev\\project\\pcb_driver.AXF" 
Erase Done.
Programming Done.
Verify OK.
Build target 'Target 1'
compiling irq_arm.c...
assembling ADuC7122.s...
compiling main.c...
..\main.c(132): warning:  #111-D: statement is unreachable
compiling uart.c...
compiling dac.c...
compiling adc.c...
compiling flash.c...
compiling dds.c...
linking...
Program Size: Code=8224 RO-data=32 RW-data=120 ZI-data=1760  
FromELF: creating hex file...
"pcb_driver.axf" - 0 Error(s), 1 Warning(s).
Load "C:\\Users\\molfat\\Desktop\\mcu_dev\\project\\pcb_driver.AXF" 
Erase Done.
Programming Done.
Verify OK.
Build target 'Target 1'
compiling irq_arm.c...
assembling ADuC7122.s...
compiling main.c...
..\main.c(132): warning:  #111-D: statement is unreachable
compiling uart.c...
compiling dac.c...
compiling adc.c...
compiling flash.c...
compiling dds.c...
linking...
Program Size: Code=8224 RO-data=32 RW-data=120 ZI-data=1760  
FromELF: creating hex file...
"pcb_driver.axf" - 0 Error(s), 1 Warning(s).
Load "C:\\Users\\molfat\\Desktop\\mcu_dev\\project\\pcb_driver.AXF" 
Erase Done.
Programming Done.
Verify OK.
Build target 'Target 1'
compiling irq_arm.c...
assembling ADuC7122.s...
compiling main.c...
..\main.c(132): warning:  #111-D: statement is unreachable
compiling uart.c...
compiling dac.c...
compiling adc.c...
compiling flash.c...
compiling dds.c...
linking...
Program Size: Code=8224 RO-data=32 RW-data=120 ZI-data=1760  
FromELF: creating hex file...
"pcb_driver.axf" - 0 Error(s), 1 Warning(s).
Load "C:\\Users\\molfat\\Desktop\\mcu_dev\\project\\pcb_driver.AXF" 
Erase Done.
Programming Done.
Verify OK.
Build target 'Target 1'
compiling irq_arm.c...
assembling ADuC7122.s...
compiling main.c...
..\main.c(132): warning:  #111-D: statement is unreachable
compiling uart.c...
compiling dac.c...
compiling adc.c...
compiling flash.c...
compiling dds.c...
linking...
Program Size: Code=8224 RO-data=32 RW-data=120 ZI-data=1760  
FromELF: creating hex file...
"pcb_driver.axf" - 0 Error(s), 1 Warning(s).
Build target 'Target 1'
compiling irq_arm.c...
assembling ADuC7122.s...
compiling main.c...
..\main.c(132): warning:  #111-D: statement is unreachable
compiling uart.c...
compiling dac.c...
compiling adc.c...
compiling flash.c...
compiling dds.c...
linking...
Program Size: Code=8224 RO-data=32 RW-data=120 ZI-data=1760  
FromELF: creating hex file...
"pcb_driver.axf" - 0 Error(s), 1 Warning(s).
Load "C:\\Users\\molfat\\Desktop\\mcu_dev\\project\\pcb_driver.AXF" 
Erase Done.
Programming Done.
Verify OK.
Build target 'Target 1'
compiling irq_arm.c...
assembling ADuC7122.s...
compiling main.c...
..\main.c(132): warning:  #111-D: statement is unreachable
compiling uart.c...
compiling dac.c...
compiling adc.c...
compiling flash.c...
compiling dds.c...
linking...
Program Size: Code=8224 RO-data=32 RW-data=120 ZI-data=1760  
FromELF: creating hex file...
"pcb_driver.axf" - 0 Error(s), 1 Warning(s).
Load "C:\\Users\\molfat\\Desktop\\mcu_dev\\project\\pcb_driver.AXF" 
Erase Done.
Programming Done.
Verify OK.
Build target 'Target 1'
compiling irq_arm.c...
assembling ADuC7122.s...
compiling main.c...
..\main.c(132): warning:  #111-D: statement is unreachable
compiling uart.c...
compiling dac.c...
compiling adc.c...
compiling flash.c...
compiling dds.c...
linking...
Program Size: Code=8224 RO-data=32 RW-data=120 ZI-data=1760  
FromELF: creating hex file...
"pcb_driver.axf" - 0 Error(s), 1 Warning(s).
Load "C:\\Users\\molfat\\Desktop\\mcu_dev\\project\\pcb_driver.AXF" 
Erase Done.
Programming Done.
Verify OK.
Build target 'Target 1'
compiling irq_arm.c...
assembling ADuC7122.s...
compiling main.c...
..\main.c(132): warning:  #111-D: statement is unreachable
compiling uart.c...
compiling dac.c...
compiling adc.c...
compiling flash.c...
compiling dds.c...
linking...
Program Size: Code=8224 RO-data=32 RW-data=120 ZI-data=1760  
FromELF: creating hex file...
"pcb_driver.axf" - 0 Error(s), 1 Warning(s).
Load "C:\\Users\\molfat\\Desktop\\mcu_dev\\project\\pcb_driver.AXF" 
Erase Done.
Programming Done.
Verify OK.
Build target 'Target 1'
compiling irq_arm.c...
assembling ADuC7122.s...
compiling main.c...
..\main.c(132): warning:  #111-D: statement is unreachable
compiling uart.c...
compiling dac.c...
compiling adc.c...
compiling flash.c...
compiling dds.c...
linking...
Program Size: Code=8224 RO-data=32 RW-data=120 ZI-data=1760  
FromELF: creating hex file...
"pcb_driver.axf" - 0 Error(s), 1 Warning(s).
Load "C:\\Users\\molfat\\Desktop\\mcu_dev\\project\\pcb_driver.AXF" 
Erase Done.
Programming Done.
Verify OK.
Build target 'Target 1'
compiling irq_arm.c...
assembling ADuC7122.s...
compiling main.c...
..\main.c(132): warning:  #111-D: statement is unreachable
compiling uart.c...
compiling dac.c...
compiling adc.c...
compiling flash.c...
compiling dds.c...
linking...
Program Size: Code=8224 RO-data=32 RW-data=120 ZI-data=1760  
FromELF: creating hex file...
"pcb_driver.axf" - 0 Error(s), 1 Warning(s).
Load "C:\\Users\\molfat\\Desktop\\mcu_dev\\project\\pcb_driver.AXF" 
Erase Done.
Programming Done.
Verify OK.
Build target 'Target 1'
compiling irq_arm.c...
assembling ADuC7122.s...
compiling main.c...
..\main.c(132): warning:  #111-D: statement is unreachable
compiling uart.c...
compiling dac.c...
compiling adc.c...
compiling flash.c...
compiling dds.c...
linking...
Program Size: Code=8224 RO-data=32 RW-data=120 ZI-data=1760  
FromELF: creating hex file...
"pcb_driver.axf" - 0 Error(s), 1 Warning(s).
Load "C:\\Users\\molfat\\Desktop\\mcu_dev\\project\\pcb_driver.AXF" 
Erase Done.
Programming Done.
Verify OK.
Build target 'Target 1'
compiling irq_arm.c...
assembling ADuC7122.s...
compiling main.c...
..\main.c(132): warning:  #111-D: statement is unreachable
compiling uart.c...
compiling dac.c...
compiling adc.c...
compiling flash.c...
compiling dds.c...
linking...
Program Size: Code=8224 RO-data=32 RW-data=120 ZI-data=1760  
FromELF: creating hex file...
"pcb_driver.axf" - 0 Error(s), 1 Warning(s).
Load "C:\\Users\\molfat\\Desktop\\mcu_dev\\project\\pcb_driver.AXF" 
Erase Done.
Programming Done.
Verify OK.
Build target 'Target 1'
compiling irq_arm.c...
assembling ADuC7122.s...
compiling main.c...
..\main.c(132): warning:  #111-D: statement is unreachable
compiling uart.c...
compiling dac.c...
compiling adc.c...
compiling flash.c...
compiling dds.c...
linking...
Program Size: Code=8224 RO-data=32 RW-data=120 ZI-data=1760  
FromELF: creating hex file...
"pcb_driver.axf" - 0 Error(s), 1 Warning(s).
Build target 'Target 1'
compiling irq_arm.c...
assembling ADuC7122.s...
compiling main.c...
..\main.c(132): warning:  #111-D: statement is unreachable
compiling uart.c...
compiling dac.c...
compiling adc.c...
compiling flash.c...
compiling dds.c...
linking...
Program Size: Code=8224 RO-data=32 RW-data=120 ZI-data=1760  
FromELF: creating hex file...
"pcb_driver.axf" - 0 Error(s), 1 Warning(s).
Build target 'Target 1'
compiling irq_arm.c...
assembling ADuC7122.s...
compiling main.c...
..\main.c(132): warning:  #111-D: statement is unreachable
compiling uart.c...
compiling dac.c...
compiling adc.c...
compiling flash.c...
compiling dds.c...
linking...
Program Size: Code=8224 RO-data=32 RW-data=120 ZI-data=1760  
FromELF: creating hex file...
"pcb_driver.axf" - 0 Error(s), 1 Warning(s).
Load "C:\\Users\\molfat\\Desktop\\mcu_dev\\project\\pcb_driver.AXF" 
Erase Done.
Programming Done.
Verify OK.
Build target 'Target 1'
compiling irq_arm.c...
assembling ADuC7122.s...
compiling main.c...
..\main.c(132): warning:  #111-D: statement is unreachable
compiling uart.c...
compiling dac.c...
compiling adc.c...
compiling flash.c...
compiling dds.c...
linking...
Program Size: Code=8224 RO-data=32 RW-data=120 ZI-data=1760  
FromELF: creating hex file...
"pcb_driver.axf" - 0 Error(s), 1 Warning(s).
Load "C:\\Users\\molfat\\Desktop\\mcu_dev\\project\\pcb_driver.AXF" 
Erase Done.
Programming Done.
Verify OK.
Build target 'Target 1'
compiling irq_arm.c...
assembling ADuC7122.s...
compiling main.c...
..\main.c(132): warning:  #111-D: statement is unreachable
compiling uart.c...
compiling dac.c...
compiling adc.c...
compiling flash.c...
compiling dds.c...
linking...
Program Size: Code=8224 RO-data=32 RW-data=120 ZI-data=1760  
FromELF: creating hex file...
"pcb_driver.axf" - 0 Error(s), 1 Warning(s).
Load "C:\\Users\\molfat\\Desktop\\mcu_dev\\project\\pcb_driver.AXF" 
Erase Done.
Programming Done.
Verify OK.
Build target 'Target 1'
compiling irq_arm.c...
assembling ADuC7122.s...
compiling main.c...
..\main.c(132): warning:  #111-D: statement is unreachable
compiling uart.c...
compiling dac.c...
compiling adc.c...
compiling flash.c...
compiling dds.c...
linking...
Program Size: Code=8224 RO-data=32 RW-data=120 ZI-data=1760  
FromELF: creating hex file...
"pcb_driver.axf" - 0 Error(s), 1 Warning(s).
Load "C:\\Users\\molfat\\Desktop\\mcu_dev\\project\\pcb_driver.AXF" 
Erase Done.
Programming Done.
Verify OK.
Build target 'Target 1'
compiling irq_arm.c...
assembling ADuC7122.s...
compiling main.c...
..\main.c(132): warning:  #111-D: statement is unreachable
compiling uart.c...
compiling dac.c...
compiling adc.c...
compiling flash.c...
compiling dds.c...
linking...
Program Size: Code=8224 RO-data=32 RW-data=120 ZI-data=1760  
FromELF: creating hex file...
"pcb_driver.axf" - 0 Error(s), 1 Warning(s).
Load "C:\\Users\\molfat\\Desktop\\mcu_dev\\project\\pcb_driver.AXF" 
Erase Done.
Programming Done.
Verify OK.
Build target 'Target 1'
compiling irq_arm.c...
assembling ADuC7122.s...
compiling main.c...
..\main.c(132): warning:  #111-D: statement is unreachable
compiling uart.c...
compiling dac.c...
compiling adc.c...
compiling flash.c...
compiling dds.c...
linking...
Program Size: Code=8224 RO-data=32 RW-data=120 ZI-data=1760  
FromELF: creating hex file...
"pcb_driver.axf" - 0 Error(s), 1 Warning(s).
Load "C:\\Users\\molfat\\Desktop\\mcu_dev\\project\\pcb_driver.AXF" 
Erase Done.
Programming Done.
Verify OK.
Build target 'Target 1'
compiling irq_arm.c...
assembling ADuC7122.s...
compiling main.c...
..\main.c(132): warning:  #111-D: statement is unreachable
compiling uart.c...
compiling dac.c...
compiling adc.c...
compiling flash.c...
compiling dds.c...
linking...
Program Size: Code=8224 RO-data=32 RW-data=120 ZI-data=1760  
FromELF: creating hex file...
"pcb_driver.axf" - 0 Error(s), 1 Warning(s).
Load "C:\\Users\\molfat\\Desktop\\mcu_dev\\project\\pcb_driver.AXF" 
Erase Done.
Programming Done.
Verify OK.
Build target 'Target 1'
compiling irq_arm.c...
assembling ADuC7122.s...
compiling main.c...
..\main.c(132): warning:  #111-D: statement is unreachable
compiling uart.c...
compiling dac.c...
compiling adc.c...
compiling flash.c...
compiling dds.c...
linking...
Program Size: Code=8228 RO-data=32 RW-data=120 ZI-data=1760  
FromELF: creating hex file...
"pcb_driver.axf" - 0 Error(s), 1 Warning(s).
Load "C:\\Users\\molfat\\Desktop\\mcu_dev\\project\\pcb_driver.AXF" 
Erase Done.
Programming Done.
Verify OK.
Build target 'Target 1'
compiling irq_arm.c...
assembling ADuC7122.s...
compiling main.c...
..\main.c(132): warning:  #111-D: statement is unreachable
compiling uart.c...
compiling dac.c...
compiling adc.c...
compiling flash.c...
compiling dds.c...
linking...
Program Size: Code=8224 RO-data=32 RW-data=120 ZI-data=1760  
FromELF: creating hex file...
"pcb_driver.axf" - 0 Error(s), 1 Warning(s).
Load "C:\\Users\\molfat\\Desktop\\mcu_dev\\project\\pcb_driver.AXF" 
Erase Done.
Programming Done.
Verify OK.
Build target 'Target 1'
compiling irq_arm.c...
assembling ADuC7122.s...
compiling main.c...
..\main.c(132): warning:  #111-D: statement is unreachable
compiling uart.c...
compiling dac.c...
compiling adc.c...
compiling flash.c...
compiling dds.c...
..\dds.c(29): warning:  #69-D: integer conversion resulted in truncation
linking...
Program Size: Code=8224 RO-data=32 RW-data=120 ZI-data=1760  
FromELF: creating hex file...
"pcb_driver.axf" - 0 Error(s), 2 Warning(s).
Load "C:\\Users\\molfat\\Desktop\\mcu_dev\\project\\pcb_driver.AXF" 
Erase Done.
Programming Done.
Verify OK.
Build target 'Target 1'
compiling irq_arm.c...
assembling ADuC7122.s...
compiling main.c...
..\main.c(132): warning:  #111-D: statement is unreachable
compiling uart.c...
compiling dac.c...
compiling adc.c...
compiling flash.c...
compiling dds.c...
linking...
Program Size: Code=8224 RO-data=32 RW-data=120 ZI-data=1760  
FromELF: creating hex file...
"pcb_driver.axf" - 0 Error(s), 1 Warning(s).
Load "C:\\Users\\molfat\\Desktop\\mcu_dev\\project\\pcb_driver.AXF" 
Erase Done.
Programming Done.
Verify OK.
Build target 'Target 1'
compiling irq_arm.c...
assembling ADuC7122.s...
compiling main.c...
..\main.c(132): warning:  #111-D: statement is unreachable
compiling uart.c...
compiling dac.c...
compiling adc.c...
compiling flash.c...
compiling dds.c...
linking...
Program Size: Code=8224 RO-data=32 RW-data=120 ZI-data=1760  
FromELF: creating hex file...
"pcb_driver.axf" - 0 Error(s), 1 Warning(s).
Build target 'Target 1'
compiling irq_arm.c...
assembling ADuC7122.s...
compiling main.c...
..\main.c(132): warning:  #111-D: statement is unreachable
compiling uart.c...
compiling dac.c...
compiling adc.c...
compiling flash.c...
compiling dds.c...
linking...
Program Size: Code=8224 RO-data=32 RW-data=120 ZI-data=1760  
FromELF: creating hex file...
"pcb_driver.axf" - 0 Error(s), 1 Warning(s).
Load "C:\\Users\\molfat\\Desktop\\mcu_dev\\project\\pcb_driver.AXF" 
Erase Done.
Programming Done.
Verify OK.
Build target 'Target 1'
compiling irq_arm.c...
assembling ADuC7122.s...
compiling main.c...
..\main.c(132): warning:  #111-D: statement is unreachable
compiling uart.c...
compiling dac.c...
compiling adc.c...
compiling flash.c...
compiling dds.c...
..\dds.c(34): error:  #67: expected a "}"
Target not created
Load "C:\\Users\\molfat\\Desktop\\mcu_dev\\project\\pcb_driver.AXF" 
_____^
*** error 56: cant open file
Build target 'Target 1'
compiling irq_arm.c...
assembling ADuC7122.s...
compiling main.c...
..\main.c(132): warning:  #111-D: statement is unreachable
compiling uart.c...
compiling dac.c...
compiling adc.c...
compiling flash.c...
compiling dds.c...
linking...
Program Size: Code=8224 RO-data=32 RW-data=120 ZI-data=1760  
FromELF: creating hex file...
"pcb_driver.axf" - 0 Error(s), 1 Warning(s).
Load "C:\\Users\\molfat\\Desktop\\mcu_dev\\project\\pcb_driver.AXF" 
Erase Done.
Programming Done.
Verify OK.
Build target 'Target 1'
compiling irq_arm.c...
assembling ADuC7122.s...
compiling main.c...
..\main.c(132): warning:  #111-D: statement is unreachable
compiling uart.c...
compiling dac.c...
compiling adc.c...
compiling flash.c...
compiling dds.c...
linking...
Program Size: Code=8224 RO-data=32 RW-data=120 ZI-data=1760  
FromELF: creating hex file...
"pcb_driver.axf" - 0 Error(s), 1 Warning(s).
Load "C:\\Users\\molfat\\Desktop\\mcu_dev\\project\\pcb_driver.AXF" 
Erase Done.
Programming Done.
Verify OK.
Build target 'Target 1'
compiling irq_arm.c...
assembling ADuC7122.s...
compiling main.c...
..\main.c(132): warning:  #111-D: statement is unreachable
compiling uart.c...
compiling dac.c...
compiling adc.c...
compiling flash.c...
compiling dds.c...
linking...
Program Size: Code=8224 RO-data=32 RW-data=120 ZI-data=1760  
FromELF: creating hex file...
"pcb_driver.axf" - 0 Error(s), 1 Warning(s).
Load "C:\\Users\\molfat\\Desktop\\mcu_dev\\project\\pcb_driver.AXF" 
Erase Done.
Programming Done.
Verify OK.
Build target 'Target 1'
compiling irq_arm.c...
assembling ADuC7122.s...
compiling main.c...
..\main.c(132): warning:  #111-D: statement is unreachable
compiling uart.c...
compiling dac.c...
compiling adc.c...
compiling flash.c...
compiling dds.c...
linking...
Program Size: Code=8224 RO-data=32 RW-data=120 ZI-data=1760  
FromELF: creating hex file...
"pcb_driver.axf" - 0 Error(s), 1 Warning(s).
Load "C:\\Users\\molfat\\Desktop\\mcu_dev\\project\\pcb_driver.AXF" 
Erase Done.
Programming Done.
Verify OK.
Build target 'Target 1'
compiling irq_arm.c...
assembling ADuC7122.s...
compiling main.c...
..\main.c(132): warning:  #111-D: statement is unreachable
compiling uart.c...
compiling dac.c...
compiling adc.c...
compiling flash.c...
compiling dds.c...
linking...
Program Size: Code=8224 RO-data=32 RW-data=120 ZI-data=1760  
FromELF: creating hex file...
"pcb_driver.axf" - 0 Error(s), 1 Warning(s).
Load "C:\\Users\\molfat\\Desktop\\mcu_dev\\project\\pcb_driver.AXF" 
Erase Done.
Programming Done.
Verify OK.
Build target 'Target 1'
compiling irq_arm.c...
assembling ADuC7122.s...
compiling main.c...
..\main.c(132): warning:  #111-D: statement is unreachable
compiling uart.c...
compiling dac.c...
compiling adc.c...
compiling flash.c...
compiling dds.c...
linking...
Program Size: Code=8224 RO-data=32 RW-data=120 ZI-data=1760  
FromELF: creating hex file...
"pcb_driver.axf" - 0 Error(s), 1 Warning(s).
Load "C:\\Users\\molfat\\Desktop\\mcu_dev\\project\\pcb_driver.AXF" 
Erase Done.
Programming Done.
Verify OK.
Build target 'Target 1'
compiling irq_arm.c...
assembling ADuC7122.s...
compiling main.c...
..\main.c(132): warning:  #111-D: statement is unreachable
compiling uart.c...
compiling dac.c...
compiling adc.c...
compiling flash.c...
compiling dds.c...
linking...
Program Size: Code=8224 RO-data=32 RW-data=120 ZI-data=1760  
FromELF: creating hex file...
"pcb_driver.axf" - 0 Error(s), 1 Warning(s).
Load "C:\\Users\\molfat\\Desktop\\mcu_dev\\project\\pcb_driver.AXF" 
Erase Done.
Programming Done.
Verify OK.
Build target 'Target 1'
compiling main.c...
..\main.c(132): warning:  #111-D: statement is unreachable
..\main.c(431): error:  #20: identifier "adc_val" is undefined
..\main.c(439): error:  #20: identifier "delay" is undefined
compiling dds.c...
Target not created
Build target 'Target 1'
compiling irq_arm.c...
assembling ADuC7122.s...
compiling main.c...
..\main.c(132): warning:  #111-D: statement is unreachable
..\main.c(431): error:  #20: identifier "adc_val" is undefined
..\main.c(439): error:  #20: identifier "delay" is undefined
compiling uart.c...
compiling dac.c...
compiling adc.c...
compiling flash.c...
compiling dds.c...
Target not created
Build target 'Target 1'
compiling irq_arm.c...
assembling ADuC7122.s...
compiling main.c...
..\main.c(132): warning:  #111-D: statement is unreachable
..\main.c(440): error:  #20: identifier "delay" is undefined
compiling uart.c...
compiling dac.c...
compiling adc.c...
compiling flash.c...
compiling dds.c...
Target not created
Build target 'Target 1'
compiling irq_arm.c...
assembling ADuC7122.s...
compiling main.c...
..\main.c(132): warning:  #111-D: statement is unreachable
compiling uart.c...
compiling dac.c...
compiling adc.c...
compiling flash.c...
compiling dds.c...
linking...
Program Size: Code=8288 RO-data=32 RW-data=120 ZI-data=1760  
FromELF: creating hex file...
"pcb_driver.axf" - 0 Error(s), 1 Warning(s).
Build target 'Target 1'
compiling irq_arm.c...
assembling ADuC7122.s...
compiling main.c...
..\main.c(132): warning:  #111-D: statement is unreachable
compiling uart.c...
compiling dac.c...
compiling adc.c...
compiling flash.c...
compiling dds.c...
linking...
Program Size: Code=8288 RO-data=32 RW-data=120 ZI-data=1760  
FromELF: creating hex file...
"pcb_driver.axf" - 0 Error(s), 1 Warning(s).
Build target 'Target 1'
compiling irq_arm.c...
assembling ADuC7122.s...
compiling main.c...
..\main.c(132): warning:  #111-D: statement is unreachable
compiling uart.c...
compiling dac.c...
compiling adc.c...
compiling flash.c...
compiling dds.c...
linking...
Program Size: Code=8288 RO-data=32 RW-data=120 ZI-data=1760  
FromELF: creating hex file...
"pcb_driver.axf" - 0 Error(s), 1 Warning(s).
Build target 'Target 1'
compiling irq_arm.c...
assembling ADuC7122.s...
compiling main.c...
compiling uart.c...
compiling dac.c...
compiling adc.c...
compiling flash.c...
compiling dds.c...
linking...
Program Size: Code=9208 RO-data=32 RW-data=120 ZI-data=1760  
FromELF: creating hex file...
"pcb_driver.axf" - 0 Error(s), 0 Warning(s).
Build target 'Target 1'
compiling irq_arm.c...
assembling ADuC7122.s...
compiling main.c...
compiling uart.c...
compiling dac.c...
compiling adc.c...
compiling flash.c...
compiling dds.c...
linking...
Program Size: Code=9208 RO-data=32 RW-data=120 ZI-data=1760  
FromELF: creating hex file...
"pcb_driver.axf" - 0 Error(s), 0 Warning(s).
Load "C:\\Users\\molfat\\Desktop\\mcu_dev\\project\\pcb_driver.AXF" 
Erase Done.
Programming Done.
Verify OK.
Build target 'Target 1'
compiling irq_arm.c...
assembling ADuC7122.s...
compiling main.c...
..\main.c(297): error:  #2706: case label value has already appeared in this switch at line 269
compiling uart.c...
compiling dac.c...
compiling adc.c...
compiling flash.c...
compiling dds.c...
Target not created
Build target 'Target 1'
compiling irq_arm.c...
assembling ADuC7122.s...
compiling main.c...
..\main.c(297): error:  #2706: case label value has already appeared in this switch at line 269
compiling uart.c...
compiling dac.c...
compiling adc.c...
compiling flash.c...
compiling dds.c...
Target not created
Build target 'Target 1'
compiling irq_arm.c...
assembling ADuC7122.s...
compiling main.c...
compiling uart.c...
compiling dac.c...
compiling adc.c...
compiling flash.c...
compiling dds.c...
linking...
Program Size: Code=9224 RO-data=32 RW-data=120 ZI-data=1760  
FromELF: creating hex file...
"pcb_driver.axf" - 0 Error(s), 0 Warning(s).
Build target 'Target 1'
compiling irq_arm.c...
assembling ADuC7122.s...
compiling main.c...
compiling uart.c...
compiling dac.c...
compiling adc.c...
compiling flash.c...
compiling dds.c...
linking...
Program Size: Code=9224 RO-data=32 RW-data=120 ZI-data=1760  
FromELF: creating hex file...
[...]
Programming Done.
Verify OK.
Build target 'Target 1'
compiling irq_arm.c...
assembling ADuC7122.s...
compiling main.c...
compiling uart.c...
compiling dac.c...
compiling adc.c...
compiling flash.c...
compiling dds.c...
linking...
Program Size: Code=9552 RO-data=32 RW-data=132 ZI-data=1764  
FromELF: creating hex file...
"pcb_driver.axf" - 0 Error(s), 0 Warning(s).
Build target 'Target 1'
compiling irq_arm.c...
assembling ADuC7122.s...
compiling main.c...
compiling uart.c...
compiling dac.c...
compiling adc.c...
compiling flash.c...
compiling dds.c...
linking...
Program Size: Code=9552 RO-data=32 RW-data=132 ZI-data=1764  
FromELF: creating hex file...
"pcb_driver.axf" - 0 Error(s), 0 Warning(s).
Build target 'Target 1'
compiling irq_arm.c...
assembling ADuC7122.s...
compiling main.c...
compiling uart.c...
compiling dac.c...
compiling adc.c...
compiling flash.c...
compiling dds.c...
linking...
Program Size: Code=9552 RO-data=32 RW-data=132 ZI-data=1764  
FromELF: creating hex file...
"pcb_driver.axf" - 0 Error(s), 0 Warning(s).
Load "C:\\Users\\molfat\\Desktop\\mcu_dev\\project\\pcb_driver.AXF" 
Erase Done.
Programming Done.
Verify OK.
Build target 'Target 1'
compiling irq_arm.c...
assembling ADuC7122.s...
compiling main.c...
compiling uart.c...
compiling dac.c...
compiling adc.c...
compiling flash.c...
compiling dds.c...
linking...
Program Size: Code=9556 RO-data=32 RW-data=124 ZI-data=1764  
FromELF: creating hex file...
"pcb_driver.axf" - 0 Error(s), 0 Warning(s).
Build target 'Target 1'
compiling irq_arm.c...
assembling ADuC7122.s...
compiling main.c...
compiling uart.c...
compiling dac.c...
compiling adc.c...
compiling flash.c...
compiling dds.c...
linking...
Program Size: Code=9548 RO-data=32 RW-data=124 ZI-data=1764  
FromELF: creating hex file...
"pcb_driver.axf" - 0 Error(s), 0 Warning(s).
Build target 'Target 1'
compiling irq_arm.c...
assembling ADuC7122.s...
compiling main.c...
compiling uart.c...
compiling dac.c...
compiling adc.c...
compiling flash.c...
compiling dds.c...
linking...
Program Size: Code=9540 RO-data=32 RW-data=124 ZI-data=1764  
FromELF: creating hex file...
"pcb_driver.axf" - 0 Error(s), 0 Warning(s).
Load "C:\\Users\\molfat\\Desktop\\mcu_dev\\project\\pcb_driver.AXF" 
Erase Done.
Programming Done.
Verify OK.
Build target 'Target 1'
compiling irq_arm.c...
assembling ADuC7122.s...
compiling main.c...
compiling uart.c...
compiling dac.c...
compiling adc.c...
compiling flash.c...
compiling dds.c...
..\dds.c(141): error:  #20: identifier "writeCtrl" is undefined
Target not created
Build target 'Target 1'
compiling irq_arm.c...
assembling ADuC7122.s...
compiling main.c...
compiling uart.c...
compiling dac.c...
compiling adc.c...
compiling flash.c...
compiling dds.c...
..\dds.c(141): error:  #20: identifier "writeCtrl" is undefined
Target not created
Load "C:\\Users\\molfat\\Desktop\\mcu_dev\\project\\pcb_driver.AXF" 
_____^
*** error 56: cant open file
Load "C:\\Users\\molfat\\Desktop\\mcu_dev\\project\\pcb_driver.AXF" 
_____^
*** error 56: cant open file
Load "C:\\Users\\molfat\\Desktop\\mcu_dev\\project\\pcb_driver.AXF" 
_____^
*** error 56: cant open file
Build target 'Target 1'
compiling irq_arm.c...
assembling ADuC7122.s...
compiling main.c...
compiling uart.c...
compiling dac.c...
compiling adc.c...
compiling flash.c...
compiling dds.c...
..\dds.c(141): error:  #20: identifier "writeCtrl" is undefined
Target not created
Build target 'Target 1'
compiling irq_arm.c...
assembling ADuC7122.s...
compiling main.c...
compiling uart.c...
compiling dac.c...
compiling adc.c...
compiling flash.c...
compiling dds.c...
linking...
Program Size: Code=9500 RO-data=32 RW-data=120 ZI-data=1760  
FromELF: creating hex file...
"pcb_driver.axf" - 0 Error(s), 0 Warning(s).
Load "C:\\Users\\molfat\\Desktop\\mcu_dev\\project\\pcb_driver.AXF" 
Erase Done.
Programming Done.
Verify OK.
Build target 'Target 1'
compiling irq_arm.c...
assembling ADuC7122.s...
compiling main.c...
compiling uart.c...
compiling dac.c...
compiling adc.c...
compiling flash.c...
compiling dds.c...
linking...
Program Size: Code=9500 RO-data=32 RW-data=120 ZI-data=1760  
FromELF: creating hex file...
"pcb_driver.axf" - 0 Error(s), 0 Warning(s).
Load "C:\\Users\\molfat\\Desktop\\mcu_dev\\project\\pcb_driver.AXF" 
Erase Done.
Programming Done.
Verify OK.
Load "C:\\Users\\molfat\\Desktop\\mcu_dev\\project\\pcb_driver.AXF" 
Erase Done.
Programming Done.
Verify OK.
Build target 'Target 1'
compiling irq_arm.c...
assembling ADuC7122.s...
compiling main.c...
compiling uart.c...
compiling dac.c...
compiling adc.c...
compiling flash.c...
compiling dds.c...
linking...
Program Size: Code=9500 RO-data=32 RW-data=120 ZI-data=1760  
FromELF: creating hex file...
"pcb_driver.axf" - 0 Error(s), 0 Warning(s).
Load "C:\\Users\\molfat\\Desktop\\mcu_dev\\project\\pcb_driver.AXF" 
Erase Done.
Programming Done.
Verify OK.
Build target 'Target 1'
compiling irq_arm.c...
assembling ADuC7122.s...
compiling main.c...
compiling uart.c...
compiling dac.c...
compiling adc.c...
compiling flash.c...
compiling dds.c...
linking...
Program Size: Code=9500 RO-data=32 RW-data=120 ZI-data=1760  
FromELF: creating hex file...
"pcb_driver.axf" - 0 Error(s), 0 Warning(s).
Build target 'Target 1'
compiling irq_arm.c...
assembling ADuC7122.s...
compiling main.c...
compiling uart.c...
compiling dac.c...
compiling adc.c...
compiling flash.c...
compiling dds.c...
linking...
Program Size: Code=9500 RO-data=32 RW-data=120 ZI-data=1760  
FromELF: creating hex file...
"pcb_driver.axf" - 0 Error(s), 0 Warning(s).
Load "C:\\Users\\molfat\\Desktop\\mcu_dev\\project\\pcb_driver.AXF" 
Erase Done.
Programming Done.
Verify OK.
Build target 'Target 1'
compiling irq_arm.c...
assembling ADuC7122.s...
compiling main.c...
compiling uart.c...
compiling dac.c...
compiling adc.c...
compiling flash.c...
compiling dds.c...
linking...
Program Size: Code=9500 RO-data=32 RW-data=120 ZI-data=1760  
FromELF: creating hex file...
"pcb_driver.axf" - 0 Error(s), 0 Warning(s).
Load "C:\\Users\\molfat\\Desktop\\mcu_dev\\project\\pcb_driver.AXF" 
Build target 'Target 1'
compiling irq_arm.c...
assembling ADuC7122.s...
compiling main.c...
compiling uart.c...
compiling dac.c...
compiling adc.c...
compiling flash.c...
compiling dds.c...
linking...
Program Size: Code=9500 RO-data=32 RW-data=120 ZI-data=1760  
FromELF: creating hex file...
"pcb_driver.axf" - 0 Error(s), 0 Warning(s).
Build target 'Target 1'
compiling irq_arm.c...
assembling ADuC7122.s...
compiling main.c...
compiling uart.c...
compiling dac.c...
compiling adc.c...
compiling flash.c...
compiling dds.c...
linking...
Program Size: Code=9500 RO-data=32 RW-data=120 ZI-data=1760  
FromELF: creating hex file...
"pcb_driver.axf" - 0 Error(s), 0 Warning(s).
Load "C:\\Users\\molfat\\Desktop\\mcu_dev\\project\\pcb_driver.AXF" 
Build target 'Target 1'
compiling irq_arm.c...
assembling ADuC7122.s...
compiling main.c...
compiling uart.c...
compiling dac.c...
compiling adc.c...
compiling flash.c...
compiling dds.c...
linking...
Program Size: Code=9500 RO-data=32 RW-data=120 ZI-data=1760  
FromELF: creating hex file...
"pcb_driver.axf" - 0 Error(s), 0 Warning(s).
Load "C:\\Users\\molfat\\Desktop\\mcu_dev\\project\\pcb_driver.AXF" 
Load "C:\\Users\\molfat\\Desktop\\mcu_dev\\project\\pcb_driver.AXF" 
Load "C:\\Users\\molfat\\Desktop\\mcu_dev\\project\\pcb_driver.AXF" 
Erase Done.
Programming Done.
Verify OK.
Build target 'Target 1'
compiling irq_arm.c...
assembling ADuC7122.s...
compiling main.c...
..\main.c(435): warning:  #223-D: function "dds_power_up" declared implicitly
compiling uart.c...
compiling dac.c...
compiling adc.c...
compiling flash.c...
compiling dds.c...
linking...
pcb_driver.axf: Error: L6218E: Undefined symbol dds_power_up (referred from main.o).
Target not created
Clean started: Project: 'pcb_driver'
   deleting intermediate output files for target 'Target 1'
Build target 'Target 1'
compiling irq_arm.c...
assembling ADuC7122.s...
compiling main.c...
..\main.c(435): warning:  #223-D: function "dds_power_up" declared implicitly
compiling uart.c...
compiling dac.c...
compiling adc.c...
compiling flash.c...
compiling dds.c...
linking...
pcb_driver.axf: Error: L6218E: Undefined symbol dds_power_up (referred from main.o).
Target not created
Build target 'Target 1'
compiling irq_arm.c...
assembling ADuC7122.s...
compiling main.c...
compiling uart.c...
compiling dac.c...
compiling adc.c...
compiling flash.c...
compiling dds.c...
linking...
Program Size: Code=9500 RO-data=32 RW-data=120 ZI-data=1760  
FromELF: creating hex file...
"pcb_driver.axf" - 0 Error(s), 0 Warning(s).
Load "C:\\Users\\molfat\\Desktop\\mcu_dev\\project\\pcb_driver.AXF" 
Erase Done.
Programming Done.
Verify OK.
Build target 'Target 1'
compiling irq_arm.c...
assembling ADuC7122.s...
compiling main.c...
compiling uart.c...
compiling dac.c...
compiling adc.c...
compiling flash.c...
compiling dds.c...
linking...
Program Size: Code=9500 RO-data=32 RW-data=120 ZI-data=1760  
FromELF: creating hex file...
"pcb_driver.axf" - 0 Error(s), 0 Warning(s).
Build target 'Target 1'
compiling irq_arm.c...
assembling ADuC7122.s...
compiling main.c...
compiling uart.c...
compiling dac.c...
compiling adc.c...
compiling flash.c...
compiling dds.c...
linking...
Program Size: Code=9464 RO-data=32 RW-data=120 ZI-data=1760  
FromELF: creating hex file...
"pcb_driver.axf" - 0 Error(s), 0 Warning(s).
Load "C:\\Users\\molfat\\Desktop\\mcu_dev\\project\\pcb_driver.AXF" 
Erase Done.
Programming Done.
Verify OK.
Build target 'Target 1'
compiling irq_arm.c...
assembling ADuC7122.s...
compiling main.c...
compiling uart.c...
compiling dac.c...
compiling adc.c...
compiling flash.c...
compiling dds.c...
linking...
Program Size: Code=9464 RO-data=32 RW-data=120 ZI-data=1760  
FromELF: creating hex file...
"pcb_driver.axf" - 0 Error(s), 0 Warning(s).
Load "C:\\Users\\molfat\\Desktop\\mcu_dev\\project\\pcb_driver.AXF" 
Erase Done.
Programming Done.
Verify OK.
Build target 'Target 1'
compiling irq_arm.c...
assembling ADuC7122.s...
compiling main.c...
compiling uart.c...
compiling dac.c...
compiling adc.c...
compiling flash.c...
compiling dds.c...
..\dds.c(55): error:  #20: identifier "dds_data" is undefined
..\dds.c(70): error:  #20: identifier "dds_data" is undefined
..\dds.c(91): error:  #20: identifier "dds_data" is undefined
Target not created
Build target 'Target 1'
compiling irq_arm.c...
assembling ADuC7122.s...
compiling main.c...
compiling uart.c...
compiling dac.c...
compiling adc.c...
compiling flash.c...
compiling dds.c...
..\dds.c(55): error:  #20: identifier "dds_data" is undefined
..\dds.c(70): error:  #20: identifier "dds_data" is undefined
..\dds.c(91): error:  #20: identifier "dds_data" is undefined
Target not created
Build target 'Target 1'
compiling irq_arm.c...
assembling ADuC7122.s...
compiling main.c...
compiling uart.c...
compiling dac.c...
compiling adc.c...
compiling flash.c...
compiling dds.c...
linking...
Program Size: Code=9464 RO-data=32 RW-data=120 ZI-data=1760  
FromELF: creating hex file...
"pcb_driver.axf" - 0 Error(s), 0 Warning(s).
Load "C:\\Users\\molfat\\Desktop\\mcu_dev\\project\\pcb_driver.AXF" 
Erase Done.
Programming Done.
Verify OK.
Build target 'Target 1'
compiling irq_arm.c...
assembling ADuC7122.s...
compiling main.c...
compiling uart.c...
compiling dac.c...
compiling adc.c...
compiling flash.c...
compiling dds.c...
linking...
Program Size: Code=9464 RO-data=32 RW-data=120 ZI-data=1760  
FromELF: creating hex file...
"pcb_driver.axf" - 0 Error(s), 0 Warning(s).
Load "C:\\Users\\molfat\\Desktop\\mcu_dev\\project\\pcb_driver.AXF" 
Erase Done.
Programming Done.
Verify OK.
Build target 'Target 1'
compiling irq_arm.c...
assembling ADuC7122.s...
compiling main.c...
compiling uart.c...
compiling dac.c...
compiling adc.c...
compiling flash.c...
compiling dds.c...
..\dds.c(55): error:  #20: identifier "dds_data" is undefined
..\dds.c(70): error:  #20: identifier "dds_data" is undefined
..\dds.c(91): error:  #20: identifier "dds_data" is undefined
Target not created
Build target 'Target 1'
compiling irq_arm.c...
assembling ADuC7122.s...
compiling main.c...
compiling uart.c...
compiling dac.c...
compiling adc.c...
compiling flash.c...
compiling dds.c...
linking...
pcb_driver.axf: Error: L6200E: Symbol dds_data multiply defined (by uart.o and main.o).
pcb_driver.axf: Error: L6200E: Symbol dds_data multiply defined (by dac.o and main.o).
pcb_driver.axf: Error: L6200E: Symbol dds_data multiply defined (by adc.o and main.o).
pcb_driver.axf: Error: L6200E: Symbol dds_data multiply defined (by flash.o and main.o).
pcb_driver.axf: Error: L6200E: Symbol dds_data multiply defined (by dds.o and main.o).
Target not created
Clean started: Project: 'pcb_driver'
   deleting intermediate output files for target 'Target 1'
Build target 'Target 1'
compiling irq_arm.c...
assembling ADuC7122.s...
compiling main.c...
compiling uart.c...
compiling dac.c...
compiling adc.c...
compiling flash.c...
compiling dds.c...
linking...
pcb_driver.axf: Error: L6200E: Symbol dds_data multiply defined (by uart.o and main.o).
pcb_driver.axf: Error: L6200E: Symbol dds_data multiply defined (by dac.o and main.o).
pcb_driver.axf: Error: L6200E: Symbol dds_data multiply defined (by adc.o and main.o).
pcb_driver.axf: Error: L6200E: Symbol dds_data multiply defined (by flash.o and main.o).
pcb_driver.axf: Error: L6200E: Symbol dds_data multiply defined (by dds.o and main.o).
Target not created
Build target 'Target 1'
compiling irq_arm.c...
assembling ADuC7122.s...
compiling main.c...
compiling uart.c...
compiling dac.c...
compiling adc.c...
compiling flash.c...
compiling dds.c...
linking...
Program Size: Code=9464 RO-data=32 RW-data=120 ZI-data=1760  
FromELF: creating hex file...
"pcb_driver.axf" - 0 Error(s), 0 Warning(s).
Build target 'Target 1'
compiling irq_arm.c...
assembling ADuC7122.s...
compiling main.c...
compiling uart.c...
compiling dac.c...
compiling adc.c...
compiling flash.c...
compiling dds.c...
linking...
pcb_driver.axf: Error: L6200E: Symbol dds_inc_cnt multiply defined (by uart.o and main.o).
pcb_driver.axf: Error: L6200E: Symbol dds_inc_cnt multiply defined (by dac.o and main.o).
pcb_driver.axf: Error: L6200E: Symbol dds_inc_cnt multiply defined (by adc.o and main.o).
pcb_driver.axf: Error: L6200E: Symbol dds_inc_cnt multiply defined (by flash.o and main.o).
pcb_driver.axf: Error: L6200E: Symbol dds_inc_cnt multiply defined (by dds.o and main.o).
Target not created
Build target 'Target 1'
compiling irq_arm.c...
assembling ADuC7122.s...
compiling main.c...
compiling uart.c...
compiling dac.c...
compiling adc.c...
compiling flash.c...
compiling dds.c...
linking...
pcb_driver.axf: Error: L6200E: Symbol dds_inc_cnt multiply defined (by dds.o and main.o).
Target not created
Build target 'Target 1'
compiling irq_arm.c...
assembling ADuC7122.s...
compiling main.c...
compiling uart.c...
compiling dac.c...
compiling adc.c...
compiling flash.c...
compiling dds.c...
linking...
pcb_driver.axf: Error: L6200E: Symbol dds_inc_cnt multiply defined (by dds.o and main.o).
Target not created
Build target 'Target 1'
compiling irq_arm.c...
assembling ADuC7122.s...
compiling main.c...
..\main.c(11): warning:  #260-D: explicit type is missing ("int" assumed)
compiling uart.c...
compiling dac.c...
compiling adc.c...
compiling flash.c...
compiling dds.c...
linking...
pcb_driver.axf: Error: L6200E: Symbol dds_inc_cnt multiply defined (by dds.o and main.o).
Target not created
Build target 'Target 1'
compiling irq_arm.c...
assembling ADuC7122.s...
compiling main.c...
compiling uart.c...
compiling dac.c...
compiling adc.c...
compiling flash.c...
compiling dds.c...
linking...
pcb_driver.axf: Error: L6200E: Symbol dds_inc_cnt multiply defined (by dds.o and main.o).
Target not created
Build target 'Target 1'
compiling irq_arm.c...
assembling ADuC7122.s...
compiling main.c...
compiling uart.c...
compiling dac.c...
compiling adc.c...
compiling flash.c...
compiling dds.c...
..\dds.c(81): error:  #20: identifier "dds_inc_cnt" is undefined
Target not created
Build target 'Target 1'
compiling irq_arm.c...
assembling ADuC7122.s...
compiling main.c...
compiling uart.c...
compiling dac.c...
compiling adc.c...
compiling flash.c...
compiling dds.c...
linking...
Program Size: Code=9440 RO-data=32 RW-data=124 ZI-data=1764  
FromELF: creating hex file...
"pcb_driver.axf" - 0 Error(s), 0 Warning(s).
Build target 'Target 1'
compiling irq_arm.c...
assembling ADuC7122.s...
compiling main.c...
compiling uart.c...
compiling dac.c...
compiling adc.c...
compiling flash.c...
compiling dds.c...
linking...
Program Size: Code=9440 RO-data=32 RW-data=124 ZI-data=1764  
FromELF: creating hex file...
"pcb_driver.axf" - 0 Error(s), 0 Warning(s).
Load "C:\\Users\\molfat\\Desktop\\mcu_dev\\project\\pcb_driver.AXF" 
Erase Done.
Programming Done.
Verify OK.
Build target 'Target 1'
compiling irq_arm.c...
assembling ADuC7122.s...
compiling main.c...
compiling uart.c...
compiling dac.c...
compiling adc.c...
compiling flash.c...
compiling dds.c...
linking...
Program Size: Code=9440 RO-data=32 RW-data=124 ZI-data=1764  
FromELF: creating hex file...
"pcb_driver.axf" - 0 Error(s), 0 Warning(s).
Load "C:\\Users\\molfat\\Desktop\\mcu_dev\\project\\pcb_driver.AXF" 
Load "C:\\Users\\molfat\\Desktop\\mcu_dev\\project\\pcb_driver.AXF" 
Build target 'Target 1'
compiling irq_arm.c...
assembling ADuC7122.s...
compiling main.c...
compiling uart.c...
compiling dac.c...
compiling adc.c...
compiling flash.c...
compiling dds.c...
linking...
Program Size: Code=9440 RO-data=32 RW-data=124 ZI-data=1764  
FromELF: creating hex file...
"pcb_driver.axf" - 0 Error(s), 0 Warning(s).
Load "C:\\Users\\molfat\\Desktop\\mcu_dev\\project\\pcb_driver.AXF" 
Load "C:\\Users\\molfat\\Desktop\\mcu_dev\\project\\pcb_driver.AXF" 
Load "C:\\Users\\molfat\\Desktop\\mcu_dev\\project\\pcb_driver.AXF" 
Load "C:\\Users\\molfat\\Desktop\\mcu_dev\\project\\pcb_driver.AXF" 
Erase Done.
Programming Done.
Verify OK.
Build target 'Target 1'
compiling irq_arm.c...
assembling ADuC7122.s...
compiling main.c...
compiling uart.c...
compiling dac.c...
compiling adc.c...
compiling flash.c...
compiling dds.c...
linking...
Program Size: Code=9440 RO-data=32 RW-data=124 ZI-data=1764  
FromELF: creating hex file...
"pcb_driver.axf" - 0 Error(s), 0 Warning(s).
Load "C:\\Users\\molfat\\Desktop\\mcu_dev\\project\\pcb_driver.AXF" 
Erase Done.
Programming Done.
Verify OK.
Build target 'Target 1'
compiling irq_arm.c...
assembling ADuC7122.s...
compiling main.c...
compiling uart.c...
compiling dac.c...
compiling adc.c...
compiling flash.c...
compiling dds.c...
linking...
Program Size: Code=9440 RO-data=32 RW-data=124 ZI-data=1764  
FromELF: creating hex file...
"pcb_driver.axf" - 0 Error(s), 0 Warning(s).
Load "C:\\Users\\molfat\\Desktop\\mcu_dev\\project\\pcb_driver.AXF" 
Build target 'Target 1'
compiling irq_arm.c...
assembling ADuC7122.s...
compiling main.c...
compiling uart.c...
compiling dac.c...
compiling adc.c...
compiling flash.c...
compiling dds.c...
linking...
Program Size: Code=9440 RO-data=32 RW-data=124 ZI-data=1764  
FromELF: creating hex file...
"pcb_driver.axf" - 0 Error(s), 0 Warning(s).
Load "C:\\Users\\molfat\\Desktop\\mcu_dev\\project\\pcb_driver.AXF" 
Erase Done.
Programming Done.
Verify OK.
Build target 'Target 1'
compiling irq_arm.c...
assembling ADuC7122.s...
compiling main.c...
compiling uart.c...
compiling dac.c...
compiling adc.c...
compiling flash.c...
compiling dds.c...
linking...
Program Size: Code=9436 RO-data=32 RW-data=124 ZI-data=1764  
FromELF: creating hex file...
"pcb_driver.axf" - 0 Error(s), 0 Warning(s).
Load "C:\\Users\\molfat\\Desktop\\mcu_dev\\project\\pcb_driver.AXF" 
Build target 'Target 1'
compiling irq_arm.c...
assembling ADuC7122.s...
compiling main.c...
compiling uart.c...
compiling dac.c...
compiling adc.c...
compiling flash.c...
compiling dds.c...
linking...
Program Size: Code=9448 RO-data=32 RW-data=124 ZI-data=1764  
FromELF: creating hex file...
"pcb_driver.axf" - 0 Error(s), 0 Warning(s).
